<?xml version="1.0" encoding="UTF-8"?>
<testsuites name="jest tests" tests="684" failures="0" errors="0" time="12.794">
  <testsuite name="WebRTCTransport" errors="0" failures="0" skipped="0" timestamp="2026-01-13T02:20:27" time="1.714" tests="21">
    <testcase classname="WebRTCTransport Connection Establishment should create offer" name="WebRTCTransport Connection Establishment should create offer" time="0.006">
    </testcase>
    <testcase classname="WebRTCTransport Connection Establishment should handle offer and create answer" name="WebRTCTransport Connection Establishment should handle offer and create answer" time="0.021">
    </testcase>
    <testcase classname="WebRTCTransport Connection Establishment should exchange ICE candidates" name="WebRTCTransport Connection Establishment should exchange ICE candidates" time="0.052">
    </testcase>
    <testcase classname="WebRTCTransport Connection Establishment should establish connection" name="WebRTCTransport Connection Establishment should establish connection" time="0.035">
    </testcase>
    <testcase classname="WebRTCTransport Data Channel Management should create data channels" name="WebRTCTransport Data Channel Management should create data channels" time="0.038">
    </testcase>
    <testcase classname="WebRTCTransport Data Channel Management should emit channel open events" name="WebRTCTransport Data Channel Management should emit channel open events" time="0.129">
    </testcase>
    <testcase classname="WebRTCTransport Message Sending should send message on data channel" name="WebRTCTransport Message Sending should send message on data channel" time="0.047">
    </testcase>
    <testcase classname="WebRTCTransport Message Sending should throw error for non-existent channel" name="WebRTCTransport Message Sending should throw error for non-existent channel" time="0.056">
    </testcase>
    <testcase classname="WebRTCTransport Message Sending should throw error when channel not open" name="WebRTCTransport Message Sending should throw error when channel not open" time="0.031">
    </testcase>
    <testcase classname="WebRTCTransport Message Receiving should receive and emit messages" name="WebRTCTransport Message Receiving should receive and emit messages" time="0.034">
    </testcase>
    <testcase classname="WebRTCTransport Capability Invocation should invoke capability and receive response" name="WebRTCTransport Capability Invocation should invoke capability and receive response" time="0.057">
    </testcase>
    <testcase classname="WebRTCTransport Capability Invocation should timeout on capability call" name="WebRTCTransport Capability Invocation should timeout on capability call" time="0.187">
    </testcase>
    <testcase classname="WebRTCTransport Chunked Messages should chunk large messages" name="WebRTCTransport Chunked Messages should chunk large messages" time="0.055">
    </testcase>
    <testcase classname="WebRTCTransport Chunked Messages should reassemble chunked messages" name="WebRTCTransport Chunked Messages should reassemble chunked messages" time="0.032">
    </testcase>
    <testcase classname="WebRTCTransport Connection State should get connection state" name="WebRTCTransport Connection State should get connection state" time="0">
    </testcase>
    <testcase classname="WebRTCTransport Connection State should emit connection state changes" name="WebRTCTransport Connection State should emit connection state changes" time="0.044">
    </testcase>
    <testcase classname="WebRTCTransport Cleanup should close cleanly" name="WebRTCTransport Cleanup should close cleanly" time="0.032">
    </testcase>
    <testcase classname="InMemorySignalingServer should register agents" name="InMemorySignalingServer should register agents" time="0.001">
    </testcase>
    <testcase classname="InMemorySignalingServer should route messages between agents" name="InMemorySignalingServer should route messages between agents" time="0">
    </testcase>
    <testcase classname="InMemorySignalingServer should unregister agents" name="InMemorySignalingServer should unregister agents" time="0">
    </testcase>
    <testcase classname="InMemorySignalingServer should clear all agents" name="InMemorySignalingServer should clear all agents" time="0">
    </testcase>
  </testsuite>
  <testsuite name="ContractValidator" errors="0" failures="0" skipped="0" timestamp="2026-01-13T02:20:27" time="1.872" tests="23">
    <testcase classname="ContractValidator validateAgentContract should return valid for agent with valid contract" name="ContractValidator validateAgentContract should return valid for agent with valid contract" time="0.063">
    </testcase>
    <testcase classname="ContractValidator validateAgentContract should detect missing published events at runtime" name="ContractValidator validateAgentContract should detect missing published events at runtime" time="0.06">
    </testcase>
    <testcase classname="ContractValidator validateAgentContract should warn about undeclared published events" name="ContractValidator validateAgentContract should warn about undeclared published events" time="0.001">
    </testcase>
    <testcase classname="ContractValidator validateAgentContract should detect missing commands at runtime" name="ContractValidator validateAgentContract should detect missing commands at runtime" time="0.007">
    </testcase>
    <testcase classname="ContractValidator validateAgentContract should detect invalid event schemas" name="ContractValidator validateAgentContract should detect invalid event schemas" time="0.004">
    </testcase>
    <testcase classname="ContractValidator validateAgentContract should warn about missing schemas" name="ContractValidator validateAgentContract should warn about missing schemas" time="0.001">
    </testcase>
    <testcase classname="ContractValidator validateAgentContract should handle agent with no messaging configuration" name="ContractValidator validateAgentContract should handle agent with no messaging configuration" time="0">
    </testcase>
    <testcase classname="ContractValidator testContractBetweenAgents should validate compatible contracts" name="ContractValidator testContractBetweenAgents should validate compatible contracts" time="0.001">
    </testcase>
    <testcase classname="ContractValidator testContractBetweenAgents should detect missing published channels" name="ContractValidator testContractBetweenAgents should detect missing published channels" time="0">
    </testcase>
    <testcase classname="ContractValidator testContractBetweenAgents should detect schema incompatibility" name="ContractValidator testContractBetweenAgents should detect schema incompatibility" time="0.001">
    </testcase>
    <testcase classname="ContractValidator testContractBetweenAgents should detect missing expected commands" name="ContractValidator testContractBetweenAgents should detect missing expected commands" time="0">
    </testcase>
    <testcase classname="ContractValidator testContractBetweenAgents should handle agents with no messaging configuration" name="ContractValidator testContractBetweenAgents should handle agents with no messaging configuration" time="0.001">
    </testcase>
    <testcase classname="ContractValidator detectBreakingChanges should detect no breaking changes for compatible versions" name="ContractValidator detectBreakingChanges should detect no breaking changes for compatible versions" time="0.001">
    </testcase>
    <testcase classname="ContractValidator detectBreakingChanges should detect removed event as breaking change" name="ContractValidator detectBreakingChanges should detect removed event as breaking change" time="0">
    </testcase>
    <testcase classname="ContractValidator detectBreakingChanges should detect removed command as breaking change" name="ContractValidator detectBreakingChanges should detect removed command as breaking change" time="0">
    </testcase>
    <testcase classname="ContractValidator detectBreakingChanges should detect incompatible schema change as breaking" name="ContractValidator detectBreakingChanges should detect incompatible schema change as breaking" time="0">
    </testcase>
    <testcase classname="ContractValidator detectBreakingChanges should detect new required field as breaking change" name="ContractValidator detectBreakingChanges should detect new required field as breaking change" time="0.001">
    </testcase>
    <testcase classname="ContractValidator detectBreakingChanges should throw error when comparing different agents" name="ContractValidator detectBreakingChanges should throw error when comparing different agents" time="0.17">
    </testcase>
    <testcase classname="ContractValidator detectBreakingChanges should summarize breaking changes correctly" name="ContractValidator detectBreakingChanges should summarize breaking changes correctly" time="0.001">
    </testcase>
    <testcase classname="ContractValidator extractContract should extract complete contract" name="ContractValidator extractContract should extract complete contract" time="0">
    </testcase>
    <testcase classname="ContractValidator extractContract should handle agent with no messaging" name="ContractValidator extractContract should handle agent with no messaging" time="0">
    </testcase>
    <testcase classname="ContractValidator validateAllContracts should validate multiple agents" name="ContractValidator validateAllContracts should validate multiple agents" time="0.007">
    </testcase>
    <testcase classname="ContractValidator validateAllContracts should aggregate errors from multiple agents" name="ContractValidator validateAllContracts should aggregate errors from multiple agents" time="0.025">
    </testcase>
  </testsuite>
  <testsuite name="OSSA v0.3.0 Task Schema" errors="0" failures="0" skipped="0" timestamp="2026-01-13T02:20:27" time="1.912" tests="10">
    <testcase classname="OSSA v0.3.0 Task Schema kind: Task validation should validate a minimal Task manifest" name="OSSA v0.3.0 Task Schema kind: Task validation should validate a minimal Task manifest" time="0.85">
    </testcase>
    <testcase classname="OSSA v0.3.0 Task Schema kind: Task validation should validate a full Task manifest with all fields" name="OSSA v0.3.0 Task Schema kind: Task validation should validate a full Task manifest with all fields" time="0.001">
    </testcase>
    <testcase classname="OSSA v0.3.0 Task Schema kind: Task validation should reject Task without required execution field" name="OSSA v0.3.0 Task Schema kind: Task validation should reject Task without required execution field" time="0.001">
    </testcase>
    <testcase classname="OSSA v0.3.0 Task Schema kind: Task validation should reject invalid execution type" name="OSSA v0.3.0 Task Schema kind: Task validation should reject invalid execution type" time="0">
    </testcase>
    <testcase classname="OSSA v0.3.0 Task Schema kind: Task validation should validate batch processing configuration" name="OSSA v0.3.0 Task Schema kind: Task validation should validate batch processing configuration" time="0">
    </testcase>
    <testcase classname="OSSA v0.3.0 Task Schema kind differentiation should accept Agent kind" name="OSSA v0.3.0 Task Schema kind differentiation should accept Agent kind" time="0.002">
    </testcase>
    <testcase classname="OSSA v0.3.0 Task Schema kind differentiation should reject unknown kind" name="OSSA v0.3.0 Task Schema kind differentiation should reject unknown kind" time="0">
    </testcase>
    <testcase classname="OSSA v0.3.0 Task Schema TypeScript type guards isOssaTask should return true for Task manifests" name="OSSA v0.3.0 Task Schema TypeScript type guards isOssaTask should return true for Task manifests" time="0">
    </testcase>
    <testcase classname="OSSA v0.3.0 Task Schema TypeScript type guards isOssaTask should return false for Agent manifests" name="OSSA v0.3.0 Task Schema TypeScript type guards isOssaTask should return false for Agent manifests" time="0">
    </testcase>
    <testcase classname="OSSA v0.3.0 Task Schema TypeScript type guards createTaskManifest should create valid manifest" name="OSSA v0.3.0 Task Schema TypeScript type guards createTaskManifest should create valid manifest" time="0.009">
    </testcase>
  </testsuite>
  <testsuite name="Message Broker" errors="0" failures="0" skipped="0" timestamp="2026-01-13T02:20:29" time="0.815" tests="14">
    <testcase classname="Message Broker Message Publishing should publish a valid message" name="Message Broker Message Publishing should publish a valid message" time="0.008">
    </testcase>
    <testcase classname="Message Broker Message Publishing should reject message with invalid channel format" name="Message Broker Message Publishing should reject message with invalid channel format" time="0.021">
    </testcase>
    <testcase classname="Message Broker Message Publishing should reject message with invalid sender format" name="Message Broker Message Publishing should reject message with invalid sender format" time="0.001">
    </testcase>
    <testcase classname="Message Broker Message Publishing should reject message without required fields" name="Message Broker Message Publishing should reject message without required fields" time="0">
    </testcase>
    <testcase classname="Message Broker Message Subscription should subscribe to a channel" name="Message Broker Message Subscription should subscribe to a channel" time="0.001">
    </testcase>
    <testcase classname="Message Broker Message Subscription should receive published messages" name="Message Broker Message Subscription should receive published messages" time="0.102">
    </testcase>
    <testcase classname="Message Broker Message Subscription should support wildcard subscriptions (*)" name="Message Broker Message Subscription should support wildcard subscriptions (*)" time="0.101">
    </testcase>
    <testcase classname="Message Broker Message Subscription should support multi-level wildcard subscriptions (#)" name="Message Broker Message Subscription should support multi-level wildcard subscriptions (#)" time="0.109">
    </testcase>
    <testcase classname="Message Broker Message Subscription should filter messages based on subscription filter" name="Message Broker Message Subscription should filter messages based on subscription filter" time="0.206">
    </testcase>
    <testcase classname="Message Broker Message Subscription should unsubscribe from a channel" name="Message Broker Message Subscription should unsubscribe from a channel" time="0.206">
    </testcase>
    <testcase classname="Message Broker Message Acknowledgment should acknowledge a message" name="Message Broker Message Acknowledgment should acknowledge a message" time="0">
    </testcase>
    <testcase classname="Message Broker Message Acknowledgment should nack a message with requeue" name="Message Broker Message Acknowledgment should nack a message with requeue" time="0.001">
    </testcase>
    <testcase classname="Message Broker Message Acknowledgment should nack a message without requeue (send to DLQ)" name="Message Broker Message Acknowledgment should nack a message without requeue (send to DLQ)" time="0">
    </testcase>
    <testcase classname="Message Broker Broker Statistics should return broker statistics" name="Message Broker Broker Statistics should return broker statistics" time="0">
    </testcase>
  </testsuite>
  <testsuite name="Platform Import Integration" errors="0" failures="0" skipped="0" timestamp="2026-01-13T02:20:27" time="2.507" tests="5">
    <testcase classname="Platform Import Integration should import from Cursor format" name="Platform Import Integration should import from Cursor format" time="0.006">
    </testcase>
    <testcase classname="Platform Import Integration should import from OpenAI format" name="Platform Import Integration should import from OpenAI format" time="0.001">
    </testcase>
    <testcase classname="Platform Import Integration should import from CrewAI format" name="Platform Import Integration should import from CrewAI format" time="0">
    </testcase>
    <testcase classname="Platform Import Integration should import from Anthropic format" name="Platform Import Integration should import from Anthropic format" time="0">
    </testcase>
    <testcase classname="Platform Import Integration should handle missing optional fields" name="Platform Import Integration should handle missing optional fields" time="0.001">
    </testcase>
  </testsuite>
  <testsuite name="Schema Validation Integration" errors="0" failures="0" skipped="0" timestamp="2026-01-13T02:20:27" time="2.434" tests="4">
    <testcase classname="Schema Validation Integration should validate all example agents" name="Schema Validation Integration should validate all example agents" time="0.025">
    </testcase>
    <testcase classname="Schema Validation Integration should validate platform extensions" name="Schema Validation Integration should validate platform extensions" time="0.007">
    </testcase>
    <testcase classname="Schema Validation Integration should catch platform-specific validation errors" name="Schema Validation Integration should catch platform-specific validation errors" time="0.001">
    </testcase>
    <testcase classname="Schema Validation Integration should validate cross-platform compatibility" name="Schema Validation Integration should validate cross-platform compatibility" time="0.001">
    </testcase>
  </testsuite>
  <testsuite name="OSSA v0.3.0 Workflow Schema" errors="0" failures="0" skipped="0" timestamp="2026-01-13T02:20:29" time="1.087" tests="15">
    <testcase classname="OSSA v0.3.0 Workflow Schema kind: Workflow validation should validate a minimal Workflow manifest" name="OSSA v0.3.0 Workflow Schema kind: Workflow validation should validate a minimal Workflow manifest" time="0.751">
    </testcase>
    <testcase classname="OSSA v0.3.0 Workflow Schema kind: Workflow validation should validate a Workflow with triggers" name="OSSA v0.3.0 Workflow Schema kind: Workflow validation should validate a Workflow with triggers" time="0">
    </testcase>
    <testcase classname="OSSA v0.3.0 Workflow Schema kind: Workflow validation should validate a Workflow with mixed Task and Agent steps" name="OSSA v0.3.0 Workflow Schema kind: Workflow validation should validate a Workflow with mixed Task and Agent steps" time="0">
    </testcase>
    <testcase classname="OSSA v0.3.0 Workflow Schema kind: Workflow validation should validate a Workflow with parallel steps" name="OSSA v0.3.0 Workflow Schema kind: Workflow validation should validate a Workflow with parallel steps" time="0.001">
    </testcase>
    <testcase classname="OSSA v0.3.0 Workflow Schema kind: Workflow validation should validate a Workflow with conditional branches" name="OSSA v0.3.0 Workflow Schema kind: Workflow validation should validate a Workflow with conditional branches" time="0">
    </testcase>
    <testcase classname="OSSA v0.3.0 Workflow Schema kind: Workflow validation should validate a Workflow with loop" name="OSSA v0.3.0 Workflow Schema kind: Workflow validation should validate a Workflow with loop" time="0.027">
    </testcase>
    <testcase classname="OSSA v0.3.0 Workflow Schema kind: Workflow validation should validate a Workflow with error handling" name="OSSA v0.3.0 Workflow Schema kind: Workflow validation should validate a Workflow with error handling" time="0">
    </testcase>
    <testcase classname="OSSA v0.3.0 Workflow Schema kind: Workflow validation should validate a Workflow with concurrency control" name="OSSA v0.3.0 Workflow Schema kind: Workflow validation should validate a Workflow with concurrency control" time="0.033">
    </testcase>
    <testcase classname="OSSA v0.3.0 Workflow Schema kind: Workflow validation should reject Workflow without steps" name="OSSA v0.3.0 Workflow Schema kind: Workflow validation should reject Workflow without steps" time="0">
    </testcase>
    <testcase classname="OSSA v0.3.0 Workflow Schema kind: Workflow validation should reject Workflow with empty steps array" name="OSSA v0.3.0 Workflow Schema kind: Workflow validation should reject Workflow with empty steps array" time="0">
    </testcase>
    <testcase classname="OSSA v0.3.0 Workflow Schema TypeScript type guards isOssaWorkflow should return true for Workflow manifests" name="OSSA v0.3.0 Workflow Schema TypeScript type guards isOssaWorkflow should return true for Workflow manifests" time="0.001">
    </testcase>
    <testcase classname="OSSA v0.3.0 Workflow Schema TypeScript type guards isOssaWorkflow should return false for Task manifests" name="OSSA v0.3.0 Workflow Schema TypeScript type guards isOssaWorkflow should return false for Task manifests" time="0">
    </testcase>
    <testcase classname="OSSA v0.3.0 Workflow Schema TypeScript type guards createWorkflowManifest should create valid manifest" name="OSSA v0.3.0 Workflow Schema TypeScript type guards createWorkflowManifest should create valid manifest" time="0.002">
    </testcase>
    <testcase classname="OSSA v0.3.0 Workflow Schema TypeScript type guards createStep should create a valid step" name="OSSA v0.3.0 Workflow Schema TypeScript type guards createStep should create a valid step" time="0">
    </testcase>
    <testcase classname="OSSA v0.3.0 Workflow Schema TypeScript type guards expr should create expression syntax" name="OSSA v0.3.0 Workflow Schema TypeScript type guards expr should create expression syntax" time="0.001">
    </testcase>
  </testsuite>
  <testsuite name="agents.md Extension Integration" errors="0" failures="0" skipped="0" timestamp="2026-01-13T02:20:27" time="2.643" tests="6">
    <testcase classname="agents.md Extension Integration should validate agents_md extension in manifest" name="agents.md Extension Integration should validate agents_md extension in manifest" time="0.011">
    </testcase>
    <testcase classname="agents.md Extension Integration should validate agents_md with Cursor extension integration" name="agents.md Extension Integration should validate agents_md with Cursor extension integration" time="0.001">
    </testcase>
    <testcase classname="agents.md Extension Integration should validate agents_md with nested files for monorepo" name="agents.md Extension Integration should validate agents_md with nested files for monorepo" time="0">
    </testcase>
    <testcase classname="agents.md Extension Integration should validate agents_md with bidirectional mapping" name="agents.md Extension Integration should validate agents_md with bidirectional mapping" time="0.004">
    </testcase>
    <testcase classname="agents.md Extension Integration should validate agents_md example manifests" name="agents.md Extension Integration should validate agents_md example manifests" time="0.013">
    </testcase>
    <testcase classname="agents.md Extension Integration should validate custom sections array" name="agents.md Extension Integration should validate custom sections array" time="0">
    </testcase>
  </testsuite>
  <testsuite name="AgentsMdExtension Schema Validation" errors="0" failures="0" skipped="0" timestamp="2026-01-13T02:20:29" time="0.93" tests="10">
    <testcase classname="AgentsMdExtension Schema Validation should validate manifest with agents_md extension" name="AgentsMdExtension Schema Validation should validate manifest with agents_md extension" time="0.783">
    </testcase>
    <testcase classname="AgentsMdExtension Schema Validation should validate manifest with all agents_md properties" name="AgentsMdExtension Schema Validation should validate manifest with all agents_md properties" time="0.001">
    </testcase>
    <testcase classname="AgentsMdExtension Schema Validation should validate manifest with minimal agents_md config" name="AgentsMdExtension Schema Validation should validate manifest with minimal agents_md config" time="0">
    </testcase>
    <testcase classname="AgentsMdExtension Schema Validation should validate AgentsMdSection schema" name="AgentsMdExtension Schema Validation should validate AgentsMdSection schema" time="0">
    </testcase>
    <testcase classname="AgentsMdExtension Schema Validation should validate sync configuration" name="AgentsMdExtension Schema Validation should validate sync configuration" time="0">
    </testcase>
    <testcase classname="AgentsMdExtension Schema Validation should validate cursor_integration flag" name="AgentsMdExtension Schema Validation should validate cursor_integration flag" time="0">
    </testcase>
    <testcase classname="AgentsMdExtension Schema Validation should validate manifest with both agents_md and cursor extensions" name="AgentsMdExtension Schema Validation should validate manifest with both agents_md and cursor extensions" time="0.002">
    </testcase>
    <testcase classname="AgentsMdExtension Schema Validation should validate Cursor extension with agents_md_path" name="AgentsMdExtension Schema Validation should validate Cursor extension with agents_md_path" time="0.038">
    </testcase>
    <testcase classname="AgentsMdExtension Schema Validation should reject additional properties in agents_md extension" name="AgentsMdExtension Schema Validation should reject additional properties in agents_md extension" time="0.001">
    </testcase>
    <testcase classname="AgentsMdExtension Schema Validation should validate example manifests" name="AgentsMdExtension Schema Validation should validate example manifests" time="0.004">
    </testcase>
  </testsuite>
  <testsuite name="SchemaRepository" errors="0" failures="0" skipped="0" timestamp="2026-01-13T02:20:30" time="0.221" tests="24">
    <testcase classname="SchemaRepository getAvailableVersions should return array of versions" name="SchemaRepository getAvailableVersions should return array of versions" time="0.011">
    </testcase>
    <testcase classname="SchemaRepository getAvailableVersions should cache versions on subsequent calls" name="SchemaRepository getAvailableVersions should cache versions on subsequent calls" time="0.023">
    </testcase>
    <testcase classname="SchemaRepository getCurrentVersion should return current version" name="SchemaRepository getCurrentVersion should return current version" time="0">
    </testcase>
    <testcase classname="SchemaRepository getSchema should load schema for valid version" name="SchemaRepository getSchema should load schema for valid version" time="0.002">
    </testcase>
    <testcase classname="SchemaRepository getSchema should cache schema after first load" name="SchemaRepository getSchema should cache schema after first load" time="0">
    </testcase>
    <testcase classname="SchemaRepository getSchema should load different versions" name="SchemaRepository getSchema should load different versions" time="0.002">
    </testcase>
    <testcase classname="SchemaRepository getSchema should throw for invalid version" name="SchemaRepository getSchema should throw for invalid version" time="0.022">
    </testcase>
    <testcase classname="SchemaRepository clearCache should clear cached schemas" name="SchemaRepository clearCache should clear cached schemas" time="0.001">
    </testcase>
    <testcase classname="SchemaRepository edge cases should handle getting available versions multiple times" name="SchemaRepository edge cases should handle getting available versions multiple times" time="0">
    </testcase>
    <testcase classname="SchemaRepository edge cases should return versions in expected format" name="SchemaRepository edge cases should return versions in expected format" time="0">
    </testcase>
    <testcase classname="SchemaRepository edge cases should throw for empty version string" name="SchemaRepository edge cases should throw for empty version string" time="0">
    </testcase>
    <testcase classname="SchemaRepository edge cases should throw for null version" name="SchemaRepository edge cases should throw for null version" time="0.001">
    </testcase>
    <testcase classname="SchemaRepository edge cases should throw for undefined version" name="SchemaRepository edge cases should throw for undefined version" time="0">
    </testcase>
    <testcase classname="SchemaRepository edge cases should throw for non-semver version format" name="SchemaRepository edge cases should throw for non-semver version format" time="0">
    </testcase>
    <testcase classname="SchemaRepository edge cases should load schema for current version" name="SchemaRepository edge cases should load schema for current version" time="0.069">
    </testcase>
    <testcase classname="SchemaRepository edge cases should load schema multiple times without error" name="SchemaRepository edge cases should load schema multiple times without error" time="0.001">
    </testcase>
    <testcase classname="SchemaRepository edge cases should clear cache and reload schemas correctly" name="SchemaRepository edge cases should clear cache and reload schemas correctly" time="0.006">
    </testcase>
    <testcase classname="SchemaRepository edge cases should handle version with leading zeros" name="SchemaRepository edge cases should handle version with leading zeros" time="0">
    </testcase>
    <testcase classname="SchemaRepository edge cases should handle version with extra parts" name="SchemaRepository edge cases should handle version with extra parts" time="0.001">
    </testcase>
    <testcase classname="SchemaRepository edge cases should handle version with missing parts" name="SchemaRepository edge cases should handle version with missing parts" time="0">
    </testcase>
    <testcase classname="SchemaRepository edge cases should check if loaded schema has expected structure" name="SchemaRepository edge cases should check if loaded schema has expected structure" time="0.001">
    </testcase>
    <testcase classname="SchemaRepository edge cases should return consistent version list across calls" name="SchemaRepository edge cases should return consistent version list across calls" time="0">
    </testcase>
    <testcase classname="SchemaRepository edge cases should handle concurrent schema loads" name="SchemaRepository edge cases should handle concurrent schema loads" time="0.001">
    </testcase>
    <testcase classname="SchemaRepository edge cases should maintain cache after getting current version" name="SchemaRepository edge cases should maintain cache after getting current version" time="0">
    </testcase>
  </testsuite>
  <testsuite name="All Examples Validation" errors="0" failures="0" skipped="0" timestamp="2026-01-13T02:20:27" time="3.071" tests="5">
    <testcase classname="All Examples Validation kAgent examples should validate all kAgent examples" name="All Examples Validation kAgent examples should validate all kAgent examples" time="0.031">
    </testcase>
    <testcase classname="All Examples Validation Generated manifests should validate generated chat agent" name="All Examples Validation Generated manifests should validate generated chat agent" time="0.869">
    </testcase>
    <testcase classname="All Examples Validation Example directory structure should have examples directory" name="All Examples Validation Example directory structure should have examples directory" time="0.001">
    </testcase>
    <testcase classname="All Examples Validation Example directory structure should have kagent examples" name="All Examples Validation Example directory structure should have kagent examples" time="0">
    </testcase>
    <testcase classname="All Examples Validation Example directory structure should have kagent example files" name="All Examples Validation Example directory structure should have kagent example files" time="0.001">
    </testcase>
  </testsuite>
  <testsuite name="OpenAIAdapter" errors="0" failures="0" skipped="0" timestamp="2026-01-13T02:20:30" time="0.226" tests="22">
    <testcase classname="OpenAIAdapter initialize should initialize without error" name="OpenAIAdapter initialize should initialize without error" time="0.001">
    </testcase>
    <testcase classname="OpenAIAdapter registerToolHandler should register tool handler" name="OpenAIAdapter registerToolHandler should register tool handler" time="0.001">
    </testcase>
    <testcase classname="OpenAIAdapter registerToolHandler should register multiple handlers" name="OpenAIAdapter registerToolHandler should register multiple handlers" time="0">
    </testcase>
    <testcase classname="OpenAIAdapter registerToolHandler should not register handler for non-existent tool" name="OpenAIAdapter registerToolHandler should not register handler for non-existent tool" time="0.001">
    </testcase>
    <testcase classname="OpenAIAdapter getAgentInfo should return agent info" name="OpenAIAdapter getAgentInfo should return agent info" time="0.001">
    </testcase>
    <testcase classname="OpenAIAdapter getAgentInfo should return empty tools array when no tools configured" name="OpenAIAdapter getAgentInfo should return empty tools array when no tools configured" time="0.001">
    </testcase>
    <testcase classname="OpenAIAdapter getAgentInfo should return tools from openai_agents extension tools_mapping" name="OpenAIAdapter getAgentInfo should return tools from openai_agents extension tools_mapping" time="0">
    </testcase>
    <testcase classname="OpenAIAdapter getAgentInfo should return tools from spec.tools" name="OpenAIAdapter getAgentInfo should return tools from spec.tools" time="0.001">
    </testcase>
    <testcase classname="OpenAIAdapter model selection should use model from openai_agents extension when provided" name="OpenAIAdapter model selection should use model from openai_agents extension when provided" time="0">
    </testcase>
    <testcase classname="OpenAIAdapter model selection should fall back to llm.model when no extension model" name="OpenAIAdapter model selection should fall back to llm.model when no extension model" time="0">
    </testcase>
    <testcase classname="OpenAIAdapter model selection should use default model when neither extension nor llm model provided" name="OpenAIAdapter model selection should use default model when neither extension nor llm model provided" time="0">
    </testcase>
    <testcase classname="OpenAIAdapter system prompt should use instructions from openai_agents extension when provided" name="OpenAIAdapter system prompt should use instructions from openai_agents extension when provided" time="0">
    </testcase>
    <testcase classname="OpenAIAdapter system prompt should fall back to role when no extension instructions" name="OpenAIAdapter system prompt should fall back to role when no extension instructions" time="0">
    </testcase>
    <testcase classname="OpenAIAdapter tool configuration should have tool configuration available" name="OpenAIAdapter tool configuration should have tool configuration available" time="0">
    </testcase>
    <testcase classname="OpenAIAdapter tool configuration should handle tool configuration without openai_tool_name" name="OpenAIAdapter tool configuration should handle tool configuration without openai_tool_name" time="0">
    </testcase>
    <testcase classname="OpenAIAdapter tool configuration should handle tool configuration without parameters" name="OpenAIAdapter tool configuration should handle tool configuration without parameters" time="0">
    </testcase>
    <testcase classname="OpenAIAdapter tool configuration should handle both extensions and spec tools" name="OpenAIAdapter tool configuration should handle both extensions and spec tools" time="0">
    </testcase>
    <testcase classname="OpenAIAdapter tool configuration should handle spec.tools without names" name="OpenAIAdapter tool configuration should handle spec.tools without names" time="0">
    </testcase>
    <testcase classname="OpenAIAdapter API key handling should use provided API key" name="OpenAIAdapter API key handling should use provided API key" time="0">
    </testcase>
    <testcase classname="OpenAIAdapter API key handling should use OPENAI_API_KEY from environment when not provided" name="OpenAIAdapter API key handling should use OPENAI_API_KEY from environment when not provided" time="0">
    </testcase>
    <testcase classname="OpenAIAdapter temperature and maxTokens should respect temperature from manifest" name="OpenAIAdapter temperature and maxTokens should respect temperature from manifest" time="0">
    </testcase>
    <testcase classname="OpenAIAdapter temperature and maxTokens should respect maxTokens from manifest" name="OpenAIAdapter temperature and maxTokens should respect maxTokens from manifest" time="0.003">
    </testcase>
  </testsuite>
  <testsuite name="DependenciesValidator" errors="0" failures="0" skipped="0" timestamp="2026-01-13T02:20:30" time="0.257" tests="55">
    <testcase classname="DependenciesValidator validateDependencies should return valid for manifests with no dependencies" name="DependenciesValidator validateDependencies should return valid for manifests with no dependencies" time="0.001">
    </testcase>
    <testcase classname="DependenciesValidator validateDependencies should return valid for manifests with compatible dependencies" name="DependenciesValidator validateDependencies should return valid for manifests with compatible dependencies" time="0">
    </testcase>
    <testcase classname="DependenciesValidator validateDependencies should detect version conflicts" name="DependenciesValidator validateDependencies should detect version conflicts" time="0.004">
    </testcase>
    <testcase classname="DependenciesValidator validateDependencies should detect circular dependencies" name="DependenciesValidator validateDependencies should detect circular dependencies" time="0">
    </testcase>
    <testcase classname="DependenciesValidator validateDependencies should detect missing required dependencies" name="DependenciesValidator validateDependencies should detect missing required dependencies" time="0.001">
    </testcase>
    <testcase classname="DependenciesValidator validateDependencies should not flag missing optional dependencies" name="DependenciesValidator validateDependencies should not flag missing optional dependencies" time="0">
    </testcase>
    <testcase classname="DependenciesValidator validateDependencies should detect contract violations for missing events" name="DependenciesValidator validateDependencies should detect contract violations for missing events" time="0">
    </testcase>
    <testcase classname="DependenciesValidator validateDependencies should validate all contract events are published" name="DependenciesValidator validateDependencies should validate all contract events are published" time="0">
    </testcase>
    <testcase classname="DependenciesValidator validateDependencies should handle empty manifests array" name="DependenciesValidator validateDependencies should handle empty manifests array" time="0">
    </testcase>
    <testcase classname="DependenciesValidator validateDependencies should detect all types of issues simultaneously" name="DependenciesValidator validateDependencies should detect all types of issues simultaneously" time="0.091">
    </testcase>
    <testcase classname="DependenciesValidator detectVersionConflicts should return no conflicts for compatible versions" name="DependenciesValidator detectVersionConflicts should return no conflicts for compatible versions" time="0.001">
    </testcase>
    <testcase classname="DependenciesValidator detectVersionConflicts should detect conflicts between major versions" name="DependenciesValidator detectVersionConflicts should detect conflicts between major versions" time="0">
    </testcase>
    <testcase classname="DependenciesValidator detectVersionConflicts should detect conflicts with exact versions" name="DependenciesValidator detectVersionConflicts should detect conflicts with exact versions" time="0">
    </testcase>
    <testcase classname="DependenciesValidator detectVersionConflicts should handle multiple conflicting versions" name="DependenciesValidator detectVersionConflicts should handle multiple conflicting versions" time="0">
    </testcase>
    <testcase classname="DependenciesValidator detectVersionConflicts should handle invalid semver ranges" name="DependenciesValidator detectVersionConflicts should handle invalid semver ranges" time="0">
    </testcase>
    <testcase classname="DependenciesValidator detectVersionConflicts should allow same version constraints" name="DependenciesValidator detectVersionConflicts should allow same version constraints" time="0">
    </testcase>
    <testcase classname="DependenciesValidator detectVersionConflicts should handle tilde range compatibility" name="DependenciesValidator detectVersionConflicts should handle tilde range compatibility" time="0.001">
    </testcase>
    <testcase classname="DependenciesValidator detectCircularDependencies should return no cycles for acyclic dependencies" name="DependenciesValidator detectCircularDependencies should return no cycles for acyclic dependencies" time="0">
    </testcase>
    <testcase classname="DependenciesValidator detectCircularDependencies should detect simple 2-node cycle" name="DependenciesValidator detectCircularDependencies should detect simple 2-node cycle" time="0">
    </testcase>
    <testcase classname="DependenciesValidator detectCircularDependencies should detect 3-node cycle" name="DependenciesValidator detectCircularDependencies should detect 3-node cycle" time="0">
    </testcase>
    <testcase classname="DependenciesValidator detectCircularDependencies should detect self-referencing cycle" name="DependenciesValidator detectCircularDependencies should detect self-referencing cycle" time="0">
    </testcase>
    <testcase classname="DependenciesValidator detectCircularDependencies should detect multiple independent cycles" name="DependenciesValidator detectCircularDependencies should detect multiple independent cycles" time="0">
    </testcase>
    <testcase classname="DependenciesValidator detectCircularDependencies should handle complex dependency graphs without cycles" name="DependenciesValidator detectCircularDependencies should handle complex dependency graphs without cycles" time="0">
    </testcase>
    <testcase classname="DependenciesValidator detectCircularDependencies should handle agents with no dependencies" name="DependenciesValidator detectCircularDependencies should handle agents with no dependencies" time="0">
    </testcase>
    <testcase classname="DependenciesValidator detectMissingDependencies should return no missing deps when all required deps exist" name="DependenciesValidator detectMissingDependencies should return no missing deps when all required deps exist" time="0">
    </testcase>
    <testcase classname="DependenciesValidator detectMissingDependencies should detect single missing required dependency" name="DependenciesValidator detectMissingDependencies should detect single missing required dependency" time="0">
    </testcase>
    <testcase classname="DependenciesValidator detectMissingDependencies should detect multiple missing dependencies" name="DependenciesValidator detectMissingDependencies should detect multiple missing dependencies" time="0">
    </testcase>
    <testcase classname="DependenciesValidator detectMissingDependencies should ignore optional missing dependencies" name="DependenciesValidator detectMissingDependencies should ignore optional missing dependencies" time="0.001">
    </testcase>
    <testcase classname="DependenciesValidator detectMissingDependencies should handle mix of found and missing dependencies" name="DependenciesValidator detectMissingDependencies should handle mix of found and missing dependencies" time="0">
    </testcase>
    <testcase classname="DependenciesValidator detectMissingDependencies should handle agents with no dependencies" name="DependenciesValidator detectMissingDependencies should handle agents with no dependencies" time="0">
    </testcase>
    <testcase classname="DependenciesValidator detectMissingDependencies should handle agents with empty dependencies array" name="DependenciesValidator detectMissingDependencies should handle agents with empty dependencies array" time="0">
    </testcase>
    <testcase classname="DependenciesValidator detectContractViolations should return no violations when contract is satisfied" name="DependenciesValidator detectContractViolations should return no violations when contract is satisfied" time="0">
    </testcase>
    <testcase classname="DependenciesValidator detectContractViolations should detect missing published event" name="DependenciesValidator detectContractViolations should detect missing published event" time="0">
    </testcase>
    <testcase classname="DependenciesValidator detectContractViolations should detect multiple missing events" name="DependenciesValidator detectContractViolations should detect multiple missing events" time="0">
    </testcase>
    <testcase classname="DependenciesValidator detectContractViolations should ignore dependencies without contracts" name="DependenciesValidator detectContractViolations should ignore dependencies without contracts" time="0">
    </testcase>
    <testcase classname="DependenciesValidator detectContractViolations should handle missing target agent" name="DependenciesValidator detectContractViolations should handle missing target agent" time="0">
    </testcase>
    <testcase classname="DependenciesValidator detectContractViolations should handle target agent with no messaging" name="DependenciesValidator detectContractViolations should handle target agent with no messaging" time="0">
    </testcase>
    <testcase classname="DependenciesValidator detectContractViolations should handle target agent with empty publishes" name="DependenciesValidator detectContractViolations should handle target agent with empty publishes" time="0">
    </testcase>
    <testcase classname="DependenciesValidator detectContractViolations should validate contract with multiple dependencies" name="DependenciesValidator detectContractViolations should validate contract with multiple dependencies" time="0">
    </testcase>
    <testcase classname="DependenciesValidator detectContractViolations should validate extra published events are allowed" name="DependenciesValidator detectContractViolations should validate extra published events are allowed" time="0">
    </testcase>
    <testcase classname="DependenciesValidator generateDependencyGraph should generate DOT format for empty manifests" name="DependenciesValidator generateDependencyGraph should generate DOT format for empty manifests" time="0.001">
    </testcase>
    <testcase classname="DependenciesValidator generateDependencyGraph should generate DOT format for single agent" name="DependenciesValidator generateDependencyGraph should generate DOT format for single agent" time="0">
    </testcase>
    <testcase classname="DependenciesValidator generateDependencyGraph should include dependency edges with versions" name="DependenciesValidator generateDependencyGraph should include dependency edges with versions" time="0">
    </testcase>
    <testcase classname="DependenciesValidator generateDependencyGraph should use dashed lines for optional dependencies" name="DependenciesValidator generateDependencyGraph should use dashed lines for optional dependencies" time="0">
    </testcase>
    <testcase classname="DependenciesValidator generateDependencyGraph should generate graph with multiple dependencies" name="DependenciesValidator generateDependencyGraph should generate graph with multiple dependencies" time="0">
    </testcase>
    <testcase classname="DependenciesValidator generateDependencyGraph should handle complex dependency graphs" name="DependenciesValidator generateDependencyGraph should handle complex dependency graphs" time="0">
    </testcase>
    <testcase classname="DependenciesValidator generateDependencyGraph should properly format DOT output" name="DependenciesValidator generateDependencyGraph should properly format DOT output" time="0">
    </testcase>
    <testcase classname="DependenciesValidator calculateDeploymentOrder should return single batch for independent agents" name="DependenciesValidator calculateDeploymentOrder should return single batch for independent agents" time="0">
    </testcase>
    <testcase classname="DependenciesValidator calculateDeploymentOrder should order linear dependency chain" name="DependenciesValidator calculateDeploymentOrder should order linear dependency chain" time="0">
    </testcase>
    <testcase classname="DependenciesValidator calculateDeploymentOrder should create parallel batches for independent branches" name="DependenciesValidator calculateDeploymentOrder should create parallel batches for independent branches" time="0">
    </testcase>
    <testcase classname="DependenciesValidator calculateDeploymentOrder should throw error for circular dependencies" name="DependenciesValidator calculateDeploymentOrder should throw error for circular dependencies" time="0.057">
    </testcase>
    <testcase classname="DependenciesValidator calculateDeploymentOrder should handle diamond dependency pattern" name="DependenciesValidator calculateDeploymentOrder should handle diamond dependency pattern" time="0">
    </testcase>
    <testcase classname="DependenciesValidator calculateDeploymentOrder should handle empty manifest list" name="DependenciesValidator calculateDeploymentOrder should handle empty manifest list" time="0">
    </testcase>
    <testcase classname="DependenciesValidator calculateDeploymentOrder should handle complex multi-level dependencies" name="DependenciesValidator calculateDeploymentOrder should handle complex multi-level dependencies" time="0.001">
    </testcase>
    <testcase classname="DependenciesValidator calculateDeploymentOrder should return all agents in deployment order" name="DependenciesValidator calculateDeploymentOrder should return all agents in deployment order" time="0">
    </testcase>
  </testsuite>
  <testsuite name="LocalDeploymentDriver" errors="0" failures="0" skipped="0" timestamp="2026-01-13T02:20:30" time="0.194" tests="14">
    <testcase classname="LocalDeploymentDriver deploy should deploy agent locally" name="LocalDeploymentDriver deploy should deploy agent locally" time="0.002">
    </testcase>
    <testcase classname="LocalDeploymentDriver deploy should support dry-run mode" name="LocalDeploymentDriver deploy should support dry-run mode" time="0">
    </testcase>
    <testcase classname="LocalDeploymentDriver deploy should use custom port when specified" name="LocalDeploymentDriver deploy should use custom port when specified" time="0.001">
    </testcase>
    <testcase classname="LocalDeploymentDriver deploy should fail with invalid manifest" name="LocalDeploymentDriver deploy should fail with invalid manifest" time="0.019">
    </testcase>
    <testcase classname="LocalDeploymentDriver getStatus should get status of deployed instance" name="LocalDeploymentDriver getStatus should get status of deployed instance" time="0">
    </testcase>
    <testcase classname="LocalDeploymentDriver getStatus should throw error for non-existent instance" name="LocalDeploymentDriver getStatus should throw error for non-existent instance" time="0">
    </testcase>
    <testcase classname="LocalDeploymentDriver listInstances should list all running instances" name="LocalDeploymentDriver listInstances should list all running instances" time="0.109">
    </testcase>
    <testcase classname="LocalDeploymentDriver listInstances should return empty array when no instances" name="LocalDeploymentDriver listInstances should return empty array when no instances" time="0">
    </testcase>
    <testcase classname="LocalDeploymentDriver stop should stop running instance" name="LocalDeploymentDriver stop should stop running instance" time="0.001">
    </testcase>
    <testcase classname="LocalDeploymentDriver stop should throw error for non-existent instance" name="LocalDeploymentDriver stop should throw error for non-existent instance" time="0">
    </testcase>
    <testcase classname="LocalDeploymentDriver rollback should rollback to previous version" name="LocalDeploymentDriver rollback should rollback to previous version" time="0.001">
    </testcase>
    <testcase classname="LocalDeploymentDriver rollback should rollback by steps" name="LocalDeploymentDriver rollback should rollback by steps" time="0">
    </testcase>
    <testcase classname="LocalDeploymentDriver healthCheck should return healthy status for running instance" name="LocalDeploymentDriver healthCheck should return healthy status for running instance" time="0.001">
    </testcase>
    <testcase classname="LocalDeploymentDriver healthCheck should return unknown status for non-existent instance" name="LocalDeploymentDriver healthCheck should return unknown status for non-existent instance" time="0.001">
    </testcase>
  </testsuite>
  <testsuite name="SSETransport" errors="0" failures="0" skipped="0" timestamp="2026-01-13T02:20:30" time="0.473" tests="16">
    <testcase classname="SSETransport Connection Management should connect to SSE endpoint" name="SSETransport Connection Management should connect to SSE endpoint" time="0.035">
    </testcase>
    <testcase classname="SSETransport Connection Management should build URL with channels" name="SSETransport Connection Management should build URL with channels" time="0.104">
    </testcase>
    <testcase classname="SSETransport Connection Management should disconnect cleanly" name="SSETransport Connection Management should disconnect cleanly" time="0.065">
    </testcase>
    <testcase classname="SSETransport Connection Management should emit connected event" name="SSETransport Connection Management should emit connected event" time="0.014">
    </testcase>
    <testcase classname="SSETransport Connection Management should get connection state" name="SSETransport Connection Management should get connection state" time="0.015">
    </testcase>
    <testcase classname="SSETransport Message Receiving should receive message events" name="SSETransport Message Receiving should receive message events" time="0.031">
    </testcase>
    <testcase classname="SSETransport Message Receiving should receive status events" name="SSETransport Message Receiving should receive status events" time="0.012">
    </testcase>
    <testcase classname="SSETransport Message Receiving should receive capability response events" name="SSETransport Message Receiving should receive capability response events" time="0.016">
    </testcase>
    <testcase classname="SSETransport Message Receiving should emit capability_complete when final is true" name="SSETransport Message Receiving should emit capability_complete when final is true" time="0.013">
    </testcase>
    <testcase classname="SSETransport Message Receiving should track last event ID" name="SSETransport Message Receiving should track last event ID" time="0.025">
    </testcase>
    <testcase classname="SSETransport Error Handling should emit error on connection failure" name="SSETransport Error Handling should emit error on connection failure" time="0.009">
    </testcase>
    <testcase classname="SSETransport Error Handling should handle parse errors gracefully" name="SSETransport Error Handling should handle parse errors gracefully" time="0.012">
    </testcase>
    <testcase classname="SSETransport Reconnection should emit reconnecting event" name="SSETransport Reconnection should emit reconnecting event" time="0.011">
    </testcase>
    <testcase classname="SSEStreamClient Streaming Capability Invocation should invoke capability and stream results" name="SSEStreamClient Streaming Capability Invocation should invoke capability and stream results" time="0.034">
    </testcase>
    <testcase classname="SSEStreamClient Event Subscription should subscribe to channels" name="SSEStreamClient Event Subscription should subscribe to channels" time="0.013">
    </testcase>
    <testcase classname="SSEStreamClient Event Subscription should subscribe to status updates" name="SSEStreamClient Event Subscription should subscribe to status updates" time="0.015">
    </testcase>
  </testsuite>
  <testsuite name="AutoGenValidator" errors="0" failures="0" skipped="0" timestamp="2026-01-13T02:20:30" time="0.207" tests="3">
    <testcase classname="AutoGenValidator validate should validate manifest without autogen extension" name="AutoGenValidator validate should validate manifest without autogen extension" time="0">
    </testcase>
    <testcase classname="AutoGenValidator validate should validate with disabled autogen" name="AutoGenValidator validate should validate with disabled autogen" time="0">
    </testcase>
    <testcase classname="AutoGenValidator validate should validate with valid autogen config" name="AutoGenValidator validate should validate with valid autogen config" time="0">
    </testcase>
  </testsuite>
  <testsuite name="MessagingValidator" errors="0" failures="0" skipped="0" timestamp="2026-01-13T02:20:31" time="0.064" tests="8">
    <testcase classname="MessagingValidator validateMessagingExtension should return no errors for valid messaging config" name="MessagingValidator validateMessagingExtension should return no errors for valid messaging config" time="0.001">
    </testcase>
    <testcase classname="MessagingValidator validateMessagingExtension should validate channel name pattern" name="MessagingValidator validateMessagingExtension should validate channel name pattern" time="0">
    </testcase>
    <testcase classname="MessagingValidator validateMessagingExtension should reject reserved channel prefixes" name="MessagingValidator validateMessagingExtension should reject reserved channel prefixes" time="0.008">
    </testcase>
    <testcase classname="MessagingValidator validateMessagingExtension should validate command name pattern" name="MessagingValidator validateMessagingExtension should validate command name pattern" time="0">
    </testcase>
    <testcase classname="MessagingValidator validateMessagingExtension should validate subscription priority" name="MessagingValidator validateMessagingExtension should validate subscription priority" time="0">
    </testcase>
    <testcase classname="MessagingValidator validateMessagingExtension should validate timeoutSeconds range" name="MessagingValidator validateMessagingExtension should validate timeoutSeconds range" time="0.001">
    </testcase>
    <testcase classname="MessagingValidator validateMessagingExtension should skip validation for v0.2.x and earlier" name="MessagingValidator validateMessagingExtension should skip validation for v0.2.x and earlier" time="0">
    </testcase>
    <testcase classname="MessagingValidator validateMessagingExtension should validate reliability config" name="MessagingValidator validateMessagingExtension should validate reliability config" time="0.001">
    </testcase>
  </testsuite>
  <testsuite name="AnthropicAdapter" errors="0" failures="0" skipped="0" timestamp="2026-01-13T02:20:31" time="0.216" tests="27">
    <testcase classname="AnthropicAdapter Constructor should create an adapter instance" name="AnthropicAdapter Constructor should create an adapter instance" time="0">
    </testcase>
    <testcase classname="AnthropicAdapter Constructor should accept custom API key" name="AnthropicAdapter Constructor should accept custom API key" time="0">
    </testcase>
    <testcase classname="AnthropicAdapter Constructor should initialize with environment API key" name="AnthropicAdapter Constructor should initialize with environment API key" time="0">
    </testcase>
    <testcase classname="AnthropicAdapter Configuration should use model from Anthropic extension when available" name="AnthropicAdapter Configuration should use model from Anthropic extension when available" time="0">
    </testcase>
    <testcase classname="AnthropicAdapter Configuration should fall back to spec.llm.model" name="AnthropicAdapter Configuration should fall back to spec.llm.model" time="0">
    </testcase>
    <testcase classname="AnthropicAdapter Configuration should use default model when not specified" name="AnthropicAdapter Configuration should use default model when not specified" time="0">
    </testcase>
    <testcase classname="AnthropicAdapter Configuration should prioritize Anthropic extension for system prompt" name="AnthropicAdapter Configuration should prioritize Anthropic extension for system prompt" time="0">
    </testcase>
    <testcase classname="AnthropicAdapter Configuration should handle temperature configuration" name="AnthropicAdapter Configuration should handle temperature configuration" time="0">
    </testcase>
    <testcase classname="AnthropicAdapter Configuration should handle max_tokens configuration" name="AnthropicAdapter Configuration should handle max_tokens configuration" time="0">
    </testcase>
    <testcase classname="AnthropicAdapter Configuration should handle stop_sequences" name="AnthropicAdapter Configuration should handle stop_sequences" time="0">
    </testcase>
    <testcase classname="AnthropicAdapter Tool Management should register tools from Anthropic extension" name="AnthropicAdapter Tool Management should register tools from Anthropic extension" time="0">
    </testcase>
    <testcase classname="AnthropicAdapter Tool Management should register tool handlers" name="AnthropicAdapter Tool Management should register tool handlers" time="0">
    </testcase>
    <testcase classname="AnthropicAdapter Tool Management should map OSSA spec tools to Anthropic format" name="AnthropicAdapter Tool Management should map OSSA spec tools to Anthropic format" time="0">
    </testcase>
    <testcase classname="AnthropicAdapter Tool Management should generate input schema for different tool types" name="AnthropicAdapter Tool Management should generate input schema for different tool types" time="0">
    </testcase>
    <testcase classname="AnthropicAdapter Tool Management should use config for input schema when available" name="AnthropicAdapter Tool Management should use config for input schema when available" time="0">
    </testcase>
    <testcase classname="AnthropicAdapter Conversation Management should initialize conversation history" name="AnthropicAdapter Conversation Management should initialize conversation history" time="0.001">
    </testcase>
    <testcase classname="AnthropicAdapter Conversation Management should clear conversation history" name="AnthropicAdapter Conversation Management should clear conversation history" time="0">
    </testcase>
    <testcase classname="AnthropicAdapter Agent Info should return correct agent info" name="AnthropicAdapter Agent Info should return correct agent info" time="0">
    </testcase>
    <testcase classname="AnthropicAdapter Agent Info should include tools in agent info" name="AnthropicAdapter Agent Info should include tools in agent info" time="0.079">
    </testcase>
    <testcase classname="AnthropicAdapter Client Access should provide access to Anthropic client" name="AnthropicAdapter Client Access should provide access to Anthropic client" time="0.004">
    </testcase>
    <testcase classname="AnthropicAdapter Model Support should support Claude 3.5 Sonnet" name="AnthropicAdapter Model Support should support Claude 3.5 Sonnet" time="0">
    </testcase>
    <testcase classname="AnthropicAdapter Model Support should support Claude 3 Opus" name="AnthropicAdapter Model Support should support Claude 3 Opus" time="0">
    </testcase>
    <testcase classname="AnthropicAdapter Model Support should support Claude 3 Haiku" name="AnthropicAdapter Model Support should support Claude 3 Haiku" time="0">
    </testcase>
    <testcase classname="AnthropicAdapter Edge Cases should handle manifest without extensions" name="AnthropicAdapter Edge Cases should handle manifest without extensions" time="0">
    </testcase>
    <testcase classname="AnthropicAdapter Edge Cases should handle manifest without llm config" name="AnthropicAdapter Edge Cases should handle manifest without llm config" time="0.001">
    </testcase>
    <testcase classname="AnthropicAdapter Edge Cases should handle manifest without tools" name="AnthropicAdapter Edge Cases should handle manifest without tools" time="0">
    </testcase>
    <testcase classname="AnthropicAdapter Edge Cases should register handler for non-existent tool" name="AnthropicAdapter Edge Cases should register handler for non-existent tool" time="0">
    </testcase>
  </testsuite>
  <testsuite name="GenerationService" errors="0" failures="0" skipped="0" timestamp="2026-01-13T02:20:31" time="0.173" tests="3">
    <testcase classname="GenerationService generate should generate manifest from template" name="GenerationService generate should generate manifest from template" time="0.002">
    </testcase>
    <testcase classname="GenerationService generate should normalize agent ID" name="GenerationService generate should normalize agent ID" time="0.001">
    </testcase>
    <testcase classname="GenerationService generate should generate with capabilities" name="GenerationService generate should generate with capabilities" time="0">
    </testcase>
  </testsuite>
  <testsuite name="ManifestRepository" errors="0" failures="0" skipped="0" timestamp="2026-01-13T02:20:31" time="0.253" tests="5">
    <testcase classname="ManifestRepository load should load YAML manifest" name="ManifestRepository load should load YAML manifest" time="0.001">
    </testcase>
    <testcase classname="ManifestRepository load should load JSON manifest" name="ManifestRepository load should load JSON manifest" time="0.002">
    </testcase>
    <testcase classname="ManifestRepository load should throw for missing file" name="ManifestRepository load should throw for missing file" time="0.107">
    </testcase>
    <testcase classname="ManifestRepository save should save as YAML" name="ManifestRepository save should save as YAML" time="0.005">
    </testcase>
    <testcase classname="ManifestRepository save should save as JSON" name="ManifestRepository save should save as JSON" time="0.001">
    </testcase>
  </testsuite>
  <testsuite name="Channel Manager" errors="0" failures="0" skipped="0" timestamp="2026-01-13T02:20:31" time="0.12" tests="22">
    <testcase classname="Channel Manager Channel Creation should create a valid direct channel" name="Channel Manager Channel Creation should create a valid direct channel" time="0.001">
    </testcase>
    <testcase classname="Channel Manager Channel Creation should create a valid topic channel" name="Channel Manager Channel Creation should create a valid topic channel" time="0.001">
    </testcase>
    <testcase classname="Channel Manager Channel Creation should create a valid broadcast channel" name="Channel Manager Channel Creation should create a valid broadcast channel" time="0">
    </testcase>
    <testcase classname="Channel Manager Channel Creation should reject invalid channel name format" name="Channel Manager Channel Creation should reject invalid channel name format" time="0.01">
    </testcase>
    <testcase classname="Channel Manager Channel Creation should reject direct channel with wrong naming convention" name="Channel Manager Channel Creation should reject direct channel with wrong naming convention" time="0.001">
    </testcase>
    <testcase classname="Channel Manager Channel Creation should reject broadcast channel without broadcast prefix" name="Channel Manager Channel Creation should reject broadcast channel without broadcast prefix" time="0">
    </testcase>
    <testcase classname="Channel Manager Channel Creation should reject duplicate channel creation" name="Channel Manager Channel Creation should reject duplicate channel creation" time="0">
    </testcase>
    <testcase classname="Channel Manager Channel Creation should validate QoS settings" name="Channel Manager Channel Creation should validate QoS settings" time="0">
    </testcase>
    <testcase classname="Channel Manager Channel Creation should validate config settings" name="Channel Manager Channel Creation should validate config settings" time="0">
    </testcase>
    <testcase classname="Channel Manager Channel Retrieval should get an existing channel" name="Channel Manager Channel Retrieval should get an existing channel" time="0.001">
    </testcase>
    <testcase classname="Channel Manager Channel Retrieval should return undefined for non-existent channel" name="Channel Manager Channel Retrieval should return undefined for non-existent channel" time="0">
    </testcase>
    <testcase classname="Channel Manager Channel Retrieval should list all channels" name="Channel Manager Channel Retrieval should list all channels" time="0.017">
    </testcase>
    <testcase classname="Channel Manager Channel Retrieval should check if channel exists" name="Channel Manager Channel Retrieval should check if channel exists" time="0">
    </testcase>
    <testcase classname="Channel Manager Channel Deletion should delete an existing channel" name="Channel Manager Channel Deletion should delete an existing channel" time="0">
    </testcase>
    <testcase classname="Channel Manager Channel Deletion should reject deleting non-existent channel" name="Channel Manager Channel Deletion should reject deleting non-existent channel" time="0.001">
    </testcase>
    <testcase classname="Channel Manager Channel Updates should update channel configuration" name="Channel Manager Channel Updates should update channel configuration" time="0">
    </testcase>
    <testcase classname="Channel Manager Channel Updates should reject updating non-existent channel" name="Channel Manager Channel Updates should reject updating non-existent channel" time="0">
    </testcase>
    <testcase classname="Channel Manager Channel Filtering should get channels by type" name="Channel Manager Channel Filtering should get channels by type" time="0">
    </testcase>
    <testcase classname="Channel Manager Channel Filtering should find channels by pattern" name="Channel Manager Channel Filtering should find channels by pattern" time="0">
    </testcase>
    <testcase classname="Channel Factory should create direct channel" name="Channel Factory should create direct channel" time="0.002">
    </testcase>
    <testcase classname="Channel Factory should create topic channel" name="Channel Factory should create topic channel" time="0.019">
    </testcase>
    <testcase classname="Channel Factory should create broadcast channel" name="Channel Factory should create broadcast channel" time="0.014">
    </testcase>
  </testsuite>
  <testsuite name="Platform Export Integration" errors="0" failures="0" skipped="0" timestamp="2026-01-13T02:20:30" time="0.717" tests="6">
    <testcase classname="Platform Export Integration should export to Cursor format" name="Platform Export Integration should export to Cursor format" time="0.005">
    </testcase>
    <testcase classname="Platform Export Integration should export to OpenAI format" name="Platform Export Integration should export to OpenAI format" time="0.001">
    </testcase>
    <testcase classname="Platform Export Integration should export to CrewAI format" name="Platform Export Integration should export to CrewAI format" time="0">
    </testcase>
    <testcase classname="Platform Export Integration should export to Anthropic format" name="Platform Export Integration should export to Anthropic format" time="0">
    </testcase>
    <testcase classname="Platform Export Integration should export to LangChain format" name="Platform Export Integration should export to LangChain format" time="0.001">
    </testcase>
    <testcase classname="Platform Export Integration should handle missing extensions gracefully" name="Platform Export Integration should handle missing extensions gracefully" time="0">
    </testcase>
  </testsuite>
  <testsuite name="VercelAIValidator" errors="0" failures="0" skipped="0" timestamp="2026-01-13T02:20:31" time="0.228" tests="27">
    <testcase classname="VercelAIValidator validate should return valid for manifest without vercel_ai extension" name="VercelAIValidator validate should return valid for manifest without vercel_ai extension" time="0">
    </testcase>
    <testcase classname="VercelAIValidator validate should return valid for disabled vercel_ai extension" name="VercelAIValidator validate should return valid for disabled vercel_ai extension" time="0">
    </testcase>
    <testcase classname="VercelAIValidator validate should validate valid vercel_ai extension" name="VercelAIValidator validate should validate valid vercel_ai extension" time="0.033">
    </testcase>
    <testcase classname="VercelAIValidator validate should accept all valid runtime values" name="VercelAIValidator validate should accept all valid runtime values" time="0">
    </testcase>
    <testcase classname="VercelAIValidator validate should reject invalid runtime" name="VercelAIValidator validate should reject invalid runtime" time="0">
    </testcase>
    <testcase classname="VercelAIValidator validate should validate stream is boolean" name="VercelAIValidator validate should validate stream is boolean" time="0">
    </testcase>
    <testcase classname="VercelAIValidator validate should accept stream as true" name="VercelAIValidator validate should accept stream as true" time="0">
    </testcase>
    <testcase classname="VercelAIValidator validate should accept stream as false" name="VercelAIValidator validate should accept stream as false" time="0">
    </testcase>
    <testcase classname="VercelAIValidator validate should validate max_tokens is at least 1" name="VercelAIValidator validate should validate max_tokens is at least 1" time="0.001">
    </testcase>
    <testcase classname="VercelAIValidator validate should validate max_tokens is a number" name="VercelAIValidator validate should validate max_tokens is a number" time="0">
    </testcase>
    <testcase classname="VercelAIValidator validate should accept valid max_tokens" name="VercelAIValidator validate should accept valid max_tokens" time="0">
    </testcase>
    <testcase classname="VercelAIValidator validate should validate temperature is between 0 and 2" name="VercelAIValidator validate should validate temperature is between 0 and 2" time="0">
    </testcase>
    <testcase classname="VercelAIValidator validate should reject temperature above 2" name="VercelAIValidator validate should reject temperature above 2" time="0">
    </testcase>
    <testcase classname="VercelAIValidator validate should validate temperature is a number" name="VercelAIValidator validate should validate temperature is a number" time="0">
    </testcase>
    <testcase classname="VercelAIValidator validate should accept temperature of 0" name="VercelAIValidator validate should accept temperature of 0" time="0">
    </testcase>
    <testcase classname="VercelAIValidator validate should accept temperature of 2" name="VercelAIValidator validate should accept temperature of 2" time="0">
    </testcase>
    <testcase classname="VercelAIValidator validate should accept temperature of 0.7" name="VercelAIValidator validate should accept temperature of 0.7" time="0">
    </testcase>
    <testcase classname="VercelAIValidator validate should validate tools is an array" name="VercelAIValidator validate should validate tools is an array" time="0">
    </testcase>
    <testcase classname="VercelAIValidator validate should accept valid tools array" name="VercelAIValidator validate should accept valid tools array" time="0">
    </testcase>
    <testcase classname="VercelAIValidator validate should accept empty tools array" name="VercelAIValidator validate should accept empty tools array" time="0">
    </testcase>
    <testcase classname="VercelAIValidator validate should warn if runtime is not specified" name="VercelAIValidator validate should warn if runtime is not specified" time="0.001">
    </testcase>
    <testcase classname="VercelAIValidator validate should warn if edge runtime has high max_tokens" name="VercelAIValidator validate should warn if edge runtime has high max_tokens" time="0">
    </testcase>
    <testcase classname="VercelAIValidator validate should not warn about max_tokens for nodejs runtime" name="VercelAIValidator validate should not warn about max_tokens for nodejs runtime" time="0">
    </testcase>
    <testcase classname="VercelAIValidator validate should not warn about max_tokens for cloudflare runtime" name="VercelAIValidator validate should not warn about max_tokens for cloudflare runtime" time="0">
    </testcase>
    <testcase classname="VercelAIValidator validate should not warn if edge runtime has acceptable max_tokens" name="VercelAIValidator validate should not warn if edge runtime has acceptable max_tokens" time="0">
    </testcase>
    <testcase classname="VercelAIValidator validate should handle multiple validation errors" name="VercelAIValidator validate should handle multiple validation errors" time="0">
    </testcase>
    <testcase classname="VercelAIValidator validate should validate all fields together" name="VercelAIValidator validate should validate all fields together" time="0">
    </testcase>
  </testsuite>
  <testsuite name="Test Command Enhanced" errors="0" failures="0" skipped="0" timestamp="2026-01-13T02:20:31" time="0.123" tests="36">
    <testcase classname="Test Command Enhanced Command Options should accept manifest path as positional argument" name="Test Command Enhanced Command Options should accept manifest path as positional argument" time="0">
    </testcase>
    <testcase classname="Test Command Enhanced Command Options should accept manifest path with --manifest flag" name="Test Command Enhanced Command Options should accept manifest path with --manifest flag" time="0">
    </testcase>
    <testcase classname="Test Command Enhanced Command Options should require manifest path" name="Test Command Enhanced Command Options should require manifest path" time="0">
    </testcase>
    <testcase classname="Test Command Enhanced Command Options should accept --capability option" name="Test Command Enhanced Command Options should accept --capability option" time="0">
    </testcase>
    <testcase classname="Test Command Enhanced Command Options should accept --mock option" name="Test Command Enhanced Command Options should accept --mock option" time="0.001">
    </testcase>
    <testcase classname="Test Command Enhanced Command Options should accept --coverage option" name="Test Command Enhanced Command Options should accept --coverage option" time="0">
    </testcase>
    <testcase classname="Test Command Enhanced Command Options should accept --watch option" name="Test Command Enhanced Command Options should accept --watch option" time="0">
    </testcase>
    <testcase classname="Test Command Enhanced Command Options should accept --json option" name="Test Command Enhanced Command Options should accept --json option" time="0">
    </testcase>
    <testcase classname="Test Command Enhanced TestRunner should run tests with basic manifest" name="Test Command Enhanced TestRunner should run tests with basic manifest" time="0">
    </testcase>
    <testcase classname="Test Command Enhanced TestRunner should validate manifest before running tests" name="Test Command Enhanced TestRunner should validate manifest before running tests" time="0">
    </testcase>
    <testcase classname="Test Command Enhanced TestRunner should run defined tests" name="Test Command Enhanced TestRunner should run defined tests" time="0">
    </testcase>
    <testcase classname="Test Command Enhanced TestRunner should run capability tests" name="Test Command Enhanced TestRunner should run capability tests" time="0">
    </testcase>
    <testcase classname="Test Command Enhanced TestRunner should run policy tests" name="Test Command Enhanced TestRunner should run policy tests" time="0">
    </testcase>
    <testcase classname="Test Command Enhanced TestRunner should calculate coverage" name="Test Command Enhanced TestRunner should calculate coverage" time="0">
    </testcase>
    <testcase classname="Test Command Enhanced TestRunner should filter tests by ID" name="Test Command Enhanced TestRunner should filter tests by ID" time="0">
    </testcase>
    <testcase classname="Test Command Enhanced TestRunner should handle test failures" name="Test Command Enhanced TestRunner should handle test failures" time="0">
    </testcase>
    <testcase classname="Test Command Enhanced Test Fixtures should provide basic agent manifest" name="Test Command Enhanced Test Fixtures should provide basic agent manifest" time="0">
    </testcase>
    <testcase classname="Test Command Enhanced Test Fixtures should provide agent with capabilities" name="Test Command Enhanced Test Fixtures should provide agent with capabilities" time="0">
    </testcase>
    <testcase classname="Test Command Enhanced Test Fixtures should provide agent with policies" name="Test Command Enhanced Test Fixtures should provide agent with policies" time="0">
    </testcase>
    <testcase classname="Test Command Enhanced Test Fixtures should provide agent with tests" name="Test Command Enhanced Test Fixtures should provide agent with tests" time="0">
    </testcase>
    <testcase classname="Test Command Enhanced Assertion Evaluation should evaluate equals assertion" name="Test Command Enhanced Assertion Evaluation should evaluate equals assertion" time="0.001">
    </testcase>
    <testcase classname="Test Command Enhanced Assertion Evaluation should evaluate contains assertion" name="Test Command Enhanced Assertion Evaluation should evaluate contains assertion" time="0">
    </testcase>
    <testcase classname="Test Command Enhanced Assertion Evaluation should evaluate exists assertion" name="Test Command Enhanced Assertion Evaluation should evaluate exists assertion" time="0">
    </testcase>
    <testcase classname="Test Command Enhanced Assertion Evaluation should evaluate type assertion" name="Test Command Enhanced Assertion Evaluation should evaluate type assertion" time="0">
    </testcase>
    <testcase classname="Test Command Enhanced Coverage Calculation should calculate capability coverage" name="Test Command Enhanced Coverage Calculation should calculate capability coverage" time="0">
    </testcase>
    <testcase classname="Test Command Enhanced Coverage Calculation should calculate policy coverage" name="Test Command Enhanced Coverage Calculation should calculate policy coverage" time="0">
    </testcase>
    <testcase classname="Test Command Enhanced Coverage Calculation should calculate percentage correctly" name="Test Command Enhanced Coverage Calculation should calculate percentage correctly" time="0">
    </testcase>
    <testcase classname="Test Command Enhanced Integration Tests should support mock mode for integration tests" name="Test Command Enhanced Integration Tests should support mock mode for integration tests" time="0">
    </testcase>
    <testcase classname="Test Command Enhanced Integration Tests should run integration tests against real runtime" name="Test Command Enhanced Integration Tests should run integration tests against real runtime" time="0">
    </testcase>
    <testcase classname="Test Command Enhanced Watch Mode should watch file for changes" name="Test Command Enhanced Watch Mode should watch file for changes" time="0">
    </testcase>
    <testcase classname="Test Command Enhanced Watch Mode should rerun tests on file change" name="Test Command Enhanced Watch Mode should rerun tests on file change" time="0">
    </testcase>
    <testcase classname="Test Command Enhanced Error Handling should handle manifest loading errors" name="Test Command Enhanced Error Handling should handle manifest loading errors" time="0">
    </testcase>
    <testcase classname="Test Command Enhanced Error Handling should handle validation errors" name="Test Command Enhanced Error Handling should handle validation errors" time="0">
    </testcase>
    <testcase classname="Test Command Enhanced Error Handling should handle test execution errors" name="Test Command Enhanced Error Handling should handle test execution errors" time="0">
    </testcase>
    <testcase classname="Test Command Enhanced Error Handling should exit with code 1 on failure" name="Test Command Enhanced Error Handling should exit with code 1 on failure" time="0">
    </testcase>
    <testcase classname="Test Command Enhanced Error Handling should exit with code 0 on success" name="Test Command Enhanced Error Handling should exit with code 0 on success" time="0">
    </testcase>
  </testsuite>
  <testsuite name="Export Adapters" errors="0" failures="0" skipped="0" timestamp="2026-01-13T02:20:31" time="0.073" tests="28">
    <testcase classname="Export Adapters LangChain Adapter should convert OSSA manifest to LangChain format" name="Export Adapters LangChain Adapter should convert OSSA manifest to LangChain format" time="0">
    </testcase>
    <testcase classname="Export Adapters LangChain Adapter should determine correct agent type based on role" name="Export Adapters LangChain Adapter should determine correct agent type based on role" time="0.001">
    </testcase>
    <testcase classname="Export Adapters LangChain Adapter should generate Python code" name="Export Adapters LangChain Adapter should generate Python code" time="0">
    </testcase>
    <testcase classname="Export Adapters LangChain Adapter should handle manifest without tools" name="Export Adapters LangChain Adapter should handle manifest without tools" time="0">
    </testcase>
    <testcase classname="Export Adapters LangChain Adapter should handle manifest without LLM config" name="Export Adapters LangChain Adapter should handle manifest without LLM config" time="0">
    </testcase>
    <testcase classname="Export Adapters CrewAI Adapter should convert OSSA manifest to CrewAI format" name="Export Adapters CrewAI Adapter should convert OSSA manifest to CrewAI format" time="0.01">
    </testcase>
    <testcase classname="Export Adapters CrewAI Adapter should parse role text into components" name="Export Adapters CrewAI Adapter should parse role text into components" time="0">
    </testcase>
    <testcase classname="Export Adapters CrewAI Adapter should generate Python code" name="Export Adapters CrewAI Adapter should generate Python code" time="0.001">
    </testcase>
    <testcase classname="Export Adapters CrewAI Adapter should set default values correctly" name="Export Adapters CrewAI Adapter should set default values correctly" time="0">
    </testcase>
    <testcase classname="Export Adapters CrewAI Adapter should convert workflow to crew" name="Export Adapters CrewAI Adapter should convert workflow to crew" time="0">
    </testcase>
    <testcase classname="Export Adapters Langflow Adapter should convert OSSA manifest to Langflow format" name="Export Adapters Langflow Adapter should convert OSSA manifest to Langflow format" time="0">
    </testcase>
    <testcase classname="Export Adapters Langflow Adapter should create nodes for LLM, prompt, and agent" name="Export Adapters Langflow Adapter should create nodes for LLM, prompt, and agent" time="0">
    </testcase>
    <testcase classname="Export Adapters Langflow Adapter should create tool nodes for each tool" name="Export Adapters Langflow Adapter should create tool nodes for each tool" time="0">
    </testcase>
    <testcase classname="Export Adapters Langflow Adapter should create edges connecting nodes" name="Export Adapters Langflow Adapter should create edges connecting nodes" time="0">
    </testcase>
    <testcase classname="Export Adapters Langflow Adapter should generate valid JSON" name="Export Adapters Langflow Adapter should generate valid JSON" time="0.001">
    </testcase>
    <testcase classname="Export Adapters Langflow Adapter should create simple flow" name="Export Adapters Langflow Adapter should create simple flow" time="0">
    </testcase>
    <testcase classname="Export Adapters OpenAPI Adapter should convert OSSA manifest to OpenAPI format" name="Export Adapters OpenAPI Adapter should convert OSSA manifest to OpenAPI format" time="0">
    </testcase>
    <testcase classname="Export Adapters OpenAPI Adapter should create paths for each tool" name="Export Adapters OpenAPI Adapter should create paths for each tool" time="0">
    </testcase>
    <testcase classname="Export Adapters OpenAPI Adapter should create chat endpoint" name="Export Adapters OpenAPI Adapter should create chat endpoint" time="0">
    </testcase>
    <testcase classname="Export Adapters OpenAPI Adapter should define request and response schemas" name="Export Adapters OpenAPI Adapter should define request and response schemas" time="0">
    </testcase>
    <testcase classname="Export Adapters OpenAPI Adapter should include security schemes" name="Export Adapters OpenAPI Adapter should include security schemes" time="0.001">
    </testcase>
    <testcase classname="Export Adapters OpenAPI Adapter should include servers" name="Export Adapters OpenAPI Adapter should include servers" time="0">
    </testcase>
    <testcase classname="Export Adapters OpenAPI Adapter should include tags" name="Export Adapters OpenAPI Adapter should include tags" time="0">
    </testcase>
    <testcase classname="Export Adapters OpenAPI Adapter should handle tools without input schema" name="Export Adapters OpenAPI Adapter should handle tools without input schema" time="0">
    </testcase>
    <testcase classname="Export Adapters OpenAPI Adapter should normalize schemas correctly" name="Export Adapters OpenAPI Adapter should normalize schemas correctly" time="0">
    </testcase>
    <testcase classname="Export Adapters Error Handling should handle missing metadata gracefully" name="Export Adapters Error Handling should handle missing metadata gracefully" time="0">
    </testcase>
    <testcase classname="Export Adapters Error Handling should handle missing spec gracefully" name="Export Adapters Error Handling should handle missing spec gracefully" time="0">
    </testcase>
    <testcase classname="Export Adapters Error Handling should handle empty tools array" name="Export Adapters Error Handling should handle empty tools array" time="0.001">
    </testcase>
  </testsuite>
  <testsuite name="ossa validate command" errors="0" failures="0" skipped="0" timestamp="2026-01-13T02:20:27" time="3.683" tests="4">
    <testcase classname="ossa validate command should validate a correct v0.3.0 manifest" name="ossa validate command should validate a correct v0.3.0 manifest" time="0.769">
    </testcase>
    <testcase classname="ossa validate command should report validation errors for invalid manifest" name="ossa validate command should report validation errors for invalid manifest" time="0.727">
    </testcase>
    <testcase classname="ossa validate command should show verbose output when requested" name="ossa validate command should show verbose output when requested" time="0.586">
    </testcase>
    <testcase classname="ossa validate command should show warnings for missing best practices" name="ossa validate command should show warnings for missing best practices" time="0.677">
    </testcase>
  </testsuite>
  <testsuite name="LangChainValidator" errors="0" failures="0" skipped="0" timestamp="2026-01-13T02:20:31" time="0.117" tests="8">
    <testcase classname="LangChainValidator should validate valid LangChain extension" name="LangChainValidator should validate valid LangChain extension" time="0.001">
    </testcase>
    <testcase classname="LangChainValidator should validate all chain types" name="LangChainValidator should validate all chain types" time="0">
    </testcase>
    <testcase classname="LangChainValidator should reject invalid chain_type" name="LangChainValidator should reject invalid chain_type" time="0">
    </testcase>
    <testcase classname="LangChainValidator should validate memory types" name="LangChainValidator should validate memory types" time="0">
    </testcase>
    <testcase classname="LangChainValidator should reject invalid memory type" name="LangChainValidator should reject invalid memory type" time="0">
    </testcase>
    <testcase classname="LangChainValidator should validate callbacks array" name="LangChainValidator should validate callbacks array" time="0">
    </testcase>
    <testcase classname="LangChainValidator should reject invalid callbacks type" name="LangChainValidator should reject invalid callbacks type" time="0">
    </testcase>
    <testcase classname="LangChainValidator should return warnings for missing memory" name="LangChainValidator should return warnings for missing memory" time="0">
    </testcase>
  </testsuite>
  <testsuite name="safeParseYAML" errors="0" failures="0" skipped="0" timestamp="2026-01-13T02:20:31" time="0.17" tests="20">
    <testcase classname="safeParseYAML should parse valid YAML" name="safeParseYAML should parse valid YAML" time="0.001">
    </testcase>
    <testcase classname="safeParseYAML should parse YAML with arrays" name="safeParseYAML should parse YAML with arrays" time="0.001">
    </testcase>
    <testcase classname="safeParseYAML should parse YAML with nested objects" name="safeParseYAML should parse YAML with nested objects" time="0">
    </testcase>
    <testcase classname="safeParseYAML should handle empty YAML" name="safeParseYAML should handle empty YAML" time="0">
    </testcase>
    <testcase classname="safeParseYAML should parse YAML with numbers and booleans" name="safeParseYAML should parse YAML with numbers and booleans" time="0">
    </testcase>
    <testcase classname="safeParseYAML should parse YAML with custom maxAliasCount" name="safeParseYAML should parse YAML with custom maxAliasCount" time="0.001">
    </testcase>
    <testcase classname="safeParseYAML should prevent billion laughs attack with default maxAliasCount" name="safeParseYAML should prevent billion laughs attack with default maxAliasCount" time="0.061">
    </testcase>
    <testcase classname="safeParseYAML should disable custom tags by default" name="safeParseYAML should disable custom tags by default" time="0">
    </testcase>
    <testcase classname="safeParseYAML should disable merge keys by default" name="safeParseYAML should disable merge keys by default" time="0.001">
    </testcase>
    <testcase classname="safeParseYAML should allow merge keys when explicitly enabled" name="safeParseYAML should allow merge keys when explicitly enabled" time="0.001">
    </testcase>
    <testcase classname="safeParseYAML should handle malformed YAML gracefully" name="safeParseYAML should handle malformed YAML gracefully" time="0.007">
    </testcase>
    <testcase classname="safeStringifyYAML should stringify simple object" name="safeStringifyYAML should stringify simple object" time="0">
    </testcase>
    <testcase classname="safeStringifyYAML should stringify nested object" name="safeStringifyYAML should stringify nested object" time="0.001">
    </testcase>
    <testcase classname="safeStringifyYAML should stringify arrays" name="safeStringifyYAML should stringify arrays" time="0">
    </testcase>
    <testcase classname="safeStringifyYAML should stringify numbers and booleans" name="safeStringifyYAML should stringify numbers and booleans" time="0">
    </testcase>
    <testcase classname="safeStringifyYAML should stringify complex OSSA manifest" name="safeStringifyYAML should stringify complex OSSA manifest" time="0.001">
    </testcase>
    <testcase classname="safeStringifyYAML should handle empty object" name="safeStringifyYAML should handle empty object" time="0">
    </testcase>
    <testcase classname="safeStringifyYAML should handle null" name="safeStringifyYAML should handle null" time="0">
    </testcase>
    <testcase classname="safeStringifyYAML should handle undefined" name="safeStringifyYAML should handle undefined" time="0">
    </testcase>
    <testcase classname="safeStringifyYAML should round-trip parse and stringify" name="safeStringifyYAML should round-trip parse and stringify" time="0.001">
    </testcase>
  </testsuite>
  <testsuite name="PathValidationError" errors="0" failures="0" skipped="0" timestamp="2026-01-13T02:20:31" time="0.088" tests="14">
    <testcase classname="PathValidationError should be an instance of Error" name="PathValidationError should be an instance of Error" time="0">
    </testcase>
    <testcase classname="validateFilePath should validate and return absolute path for valid file" name="validateFilePath should validate and return absolute path for valid file" time="0.001">
    </testcase>
    <testcase classname="validateFilePath should throw error for non-existent file" name="validateFilePath should throw error for non-existent file" time="0.006">
    </testcase>
    <testcase classname="validateFilePath should throw error for directory instead of file" name="validateFilePath should throw error for directory instead of file" time="0.001">
    </testcase>
    <testcase classname="validateFilePath should allow any path when basePath is null (default)" name="validateFilePath should allow any path when basePath is null (default)" time="0.001">
    </testcase>
    <testcase classname="validateFilePath should prevent path traversal when basePath is provided" name="validateFilePath should prevent path traversal when basePath is provided" time="0.001">
    </testcase>
    <testcase classname="validateFilePath should allow file within basePath when basePath is provided" name="validateFilePath should allow file within basePath when basePath is provided" time="0.001">
    </testcase>
    <testcase classname="validateFilePath should handle relative paths correctly" name="validateFilePath should handle relative paths correctly" time="0.002">
    </testcase>
    <testcase classname="validateDirectoryPath should validate and return absolute path for valid directory" name="validateDirectoryPath should validate and return absolute path for valid directory" time="0.001">
    </testcase>
    <testcase classname="validateDirectoryPath should throw error for non-existent directory" name="validateDirectoryPath should throw error for non-existent directory" time="0.001">
    </testcase>
    <testcase classname="validateDirectoryPath should throw error for file instead of directory" name="validateDirectoryPath should throw error for file instead of directory" time="0.002">
    </testcase>
    <testcase classname="validateDirectoryPath should prevent path traversal when basePath is provided" name="validateDirectoryPath should prevent path traversal when basePath is provided" time="0.001">
    </testcase>
    <testcase classname="validateDirectoryPath should allow directory within basePath when basePath is provided" name="validateDirectoryPath should allow directory within basePath when basePath is provided" time="0.001">
    </testcase>
    <testcase classname="validateDirectoryPath should handle relative paths correctly" name="validateDirectoryPath should handle relative paths correctly" time="0.001">
    </testcase>
  </testsuite>
  <testsuite name="AnthropicAdapter" errors="0" failures="0" skipped="0" timestamp="2026-01-13T02:20:31" time="0.303" tests="29">
    <testcase classname="AnthropicAdapter AnthropicAdapter should create adapter from manifest" name="AnthropicAdapter AnthropicAdapter should create adapter from manifest" time="0.016">
    </testcase>
    <testcase classname="AnthropicAdapter AnthropicAdapter should extract agent configuration" name="AnthropicAdapter AnthropicAdapter should extract agent configuration" time="0">
    </testcase>
    <testcase classname="AnthropicAdapter AnthropicAdapter should initialize without error" name="AnthropicAdapter AnthropicAdapter should initialize without error" time="0.001">
    </testcase>
    <testcase classname="AnthropicAdapter AnthropicAdapter should clear conversation history" name="AnthropicAdapter AnthropicAdapter should clear conversation history" time="0">
    </testcase>
    <testcase classname="AnthropicAdapter AnthropicAdapter should register tool handler" name="AnthropicAdapter AnthropicAdapter should register tool handler" time="0">
    </testcase>
    <testcase classname="AnthropicAdapter AnthropicAdapter should not register handler for non-existent tool" name="AnthropicAdapter AnthropicAdapter should not register handler for non-existent tool" time="0">
    </testcase>
    <testcase classname="AnthropicAdapter AnthropicAdapter should get agent info with tools" name="AnthropicAdapter AnthropicAdapter should get agent info with tools" time="0">
    </testcase>
    <testcase classname="AnthropicAdapter AnthropicAdapter should update configuration" name="AnthropicAdapter AnthropicAdapter should update configuration" time="0">
    </testcase>
    <testcase classname="AnthropicAdapter AnthropicAdapter should get client and tool mapper" name="AnthropicAdapter AnthropicAdapter should get client and tool mapper" time="0.001">
    </testcase>
    <testcase classname="AnthropicAdapter AnthropicAdapter should handle anthropic extension configuration" name="AnthropicAdapter AnthropicAdapter should handle anthropic extension configuration" time="0">
    </testcase>
    <testcase classname="AnthropicAdapter AnthropicClient should create client with config" name="AnthropicAdapter AnthropicClient should create client with config" time="0">
    </testcase>
    <testcase classname="AnthropicAdapter AnthropicClient should throw on invalid config" name="AnthropicAdapter AnthropicClient should throw on invalid config" time="0.116">
    </testcase>
    <testcase classname="AnthropicAdapter AnthropicClient should get and reset stats" name="AnthropicAdapter AnthropicClient should get and reset stats" time="0.001">
    </testcase>
    <testcase classname="AnthropicAdapter AnthropicClient should update config" name="AnthropicAdapter AnthropicClient should update config" time="0">
    </testcase>
    <testcase classname="AnthropicAdapter Configuration should merge config with defaults" name="AnthropicAdapter Configuration should merge config with defaults" time="0">
    </testcase>
    <testcase classname="AnthropicAdapter Configuration should validate valid config" name="AnthropicAdapter Configuration should validate valid config" time="0">
    </testcase>
    <testcase classname="AnthropicAdapter Configuration should invalidate config without API key" name="AnthropicAdapter Configuration should invalidate config without API key" time="0">
    </testcase>
    <testcase classname="AnthropicAdapter Configuration should invalidate config with invalid temperature" name="AnthropicAdapter Configuration should invalidate config with invalid temperature" time="0">
    </testcase>
    <testcase classname="AnthropicAdapter Configuration should calculate cost correctly" name="AnthropicAdapter Configuration should calculate cost correctly" time="0">
    </testcase>
    <testcase classname="AnthropicAdapter Configuration should recommend models based on criteria" name="AnthropicAdapter Configuration should recommend models based on criteria" time="0.001">
    </testcase>
    <testcase classname="AnthropicAdapter Messages should create text message" name="AnthropicAdapter Messages should create text message" time="0">
    </testcase>
    <testcase classname="AnthropicAdapter Messages should validate valid message" name="AnthropicAdapter Messages should validate valid message" time="0">
    </testcase>
    <testcase classname="AnthropicAdapter Messages should invalidate message with empty content" name="AnthropicAdapter Messages should invalidate message with empty content" time="0">
    </testcase>
    <testcase classname="AnthropicAdapter Messages should merge consecutive messages" name="AnthropicAdapter Messages should merge consecutive messages" time="0">
    </testcase>
    <testcase classname="AnthropicAdapter ToolMapper should map agent tools" name="AnthropicAdapter ToolMapper should map agent tools" time="0">
    </testcase>
    <testcase classname="AnthropicAdapter ToolMapper should register and execute tool handler" name="AnthropicAdapter ToolMapper should register and execute tool handler" time="0">
    </testcase>
    <testcase classname="AnthropicAdapter ToolMapper should return error for non-existent tool" name="AnthropicAdapter ToolMapper should return error for non-existent tool" time="0">
    </testcase>
    <testcase classname="AnthropicAdapter ToolMapper should return error when no handler registered" name="AnthropicAdapter ToolMapper should return error when no handler registered" time="0">
    </testcase>
    <testcase classname="AnthropicAdapter ToolMapper should clear all tools" name="AnthropicAdapter ToolMapper should clear all tools" time="0.001">
    </testcase>
  </testsuite>
  <testsuite name="Deploy Commands" errors="0" failures="0" skipped="0" timestamp="2026-01-13T02:20:31" time="0.064" tests="12">
    <testcase classname="Deploy Commands deployCommand should validate manifest before deployment" name="Deploy Commands deployCommand should validate manifest before deployment" time="0.001">
    </testcase>
    <testcase classname="Deploy Commands deployCommand should support all deployment targets" name="Deploy Commands deployCommand should support all deployment targets" time="0">
    </testcase>
    <testcase classname="Deploy Commands deployCommand should support dry-run mode" name="Deploy Commands deployCommand should support dry-run mode" time="0">
    </testcase>
    <testcase classname="Deploy Commands deployCommand should load config from file when provided" name="Deploy Commands deployCommand should load config from file when provided" time="0">
    </testcase>
    <testcase classname="Deploy Commands deployCommand should override config file with CLI options" name="Deploy Commands deployCommand should override config file with CLI options" time="0.001">
    </testcase>
    <testcase classname="Deploy Commands statusCommand should show status for specific instance" name="Deploy Commands statusCommand should show status for specific instance" time="0">
    </testcase>
    <testcase classname="Deploy Commands statusCommand should list all instances" name="Deploy Commands statusCommand should list all instances" time="0">
    </testcase>
    <testcase classname="Deploy Commands statusCommand should include health metrics when requested" name="Deploy Commands statusCommand should include health metrics when requested" time="0">
    </testcase>
    <testcase classname="Deploy Commands rollbackCommand should rollback to specific version" name="Deploy Commands rollbackCommand should rollback to specific version" time="0">
    </testcase>
    <testcase classname="Deploy Commands rollbackCommand should rollback by steps" name="Deploy Commands rollbackCommand should rollback by steps" time="0">
    </testcase>
    <testcase classname="Deploy Commands stopCommand should stop running instance" name="Deploy Commands stopCommand should stop running instance" time="0">
    </testcase>
    <testcase classname="Deploy Commands stopCommand should handle non-existent instance gracefully" name="Deploy Commands stopCommand should handle non-existent instance gracefully" time="0.001">
    </testcase>
  </testsuite>
  <testsuite name="ossa init" errors="0" failures="0" skipped="0" timestamp="2026-01-13T02:20:31" time="0.033" tests="3">
    <testcase classname="ossa init should create minimal template structure" name="ossa init should create minimal template structure" time="0">
    </testcase>
    <testcase classname="ossa init should create full template with TypeScript" name="ossa init should create full template with TypeScript" time="0">
    </testcase>
    <testcase classname="ossa init should create enterprise template with tests" name="ossa init should create enterprise template with tests" time="0">
    </testcase>
  </testsuite>
  <testsuite name="LlamaIndexValidator" errors="0" failures="0" skipped="0" timestamp="2026-01-13T02:20:31" time="0.247" tests="23">
    <testcase classname="LlamaIndexValidator validate should return valid for manifest without llamaindex extension" name="LlamaIndexValidator validate should return valid for manifest without llamaindex extension" time="0">
    </testcase>
    <testcase classname="LlamaIndexValidator validate should return valid for disabled llamaindex extension" name="LlamaIndexValidator validate should return valid for disabled llamaindex extension" time="0.001">
    </testcase>
    <testcase classname="LlamaIndexValidator validate should validate valid llamaindex extension" name="LlamaIndexValidator validate should validate valid llamaindex extension" time="0">
    </testcase>
    <testcase classname="LlamaIndexValidator validate should accept all valid agent_type values" name="LlamaIndexValidator validate should accept all valid agent_type values" time="0">
    </testcase>
    <testcase classname="LlamaIndexValidator validate should reject invalid agent_type" name="LlamaIndexValidator validate should reject invalid agent_type" time="0">
    </testcase>
    <testcase classname="LlamaIndexValidator validate should validate index_config as object" name="LlamaIndexValidator validate should validate index_config as object" time="0">
    </testcase>
    <testcase classname="LlamaIndexValidator validate should validate chunk_size is at least 1" name="LlamaIndexValidator validate should validate chunk_size is at least 1" time="0">
    </testcase>
    <testcase classname="LlamaIndexValidator validate should validate chunk_size is a number" name="LlamaIndexValidator validate should validate chunk_size is a number" time="0.001">
    </testcase>
    <testcase classname="LlamaIndexValidator validate should accept valid chunk_size" name="LlamaIndexValidator validate should accept valid chunk_size" time="0">
    </testcase>
    <testcase classname="LlamaIndexValidator validate should validate chunk_overlap is at least 0" name="LlamaIndexValidator validate should validate chunk_overlap is at least 0" time="0">
    </testcase>
    <testcase classname="LlamaIndexValidator validate should validate chunk_overlap is a number" name="LlamaIndexValidator validate should validate chunk_overlap is a number" time="0">
    </testcase>
    <testcase classname="LlamaIndexValidator validate should accept valid chunk_overlap" name="LlamaIndexValidator validate should accept valid chunk_overlap" time="0">
    </testcase>
    <testcase classname="LlamaIndexValidator validate should validate similarity_top_k is at least 1" name="LlamaIndexValidator validate should validate similarity_top_k is at least 1" time="0">
    </testcase>
    <testcase classname="LlamaIndexValidator validate should validate similarity_top_k is a number" name="LlamaIndexValidator validate should validate similarity_top_k is a number" time="0.18">
    </testcase>
    <testcase classname="LlamaIndexValidator validate should accept valid similarity_top_k" name="LlamaIndexValidator validate should accept valid similarity_top_k" time="0.001">
    </testcase>
    <testcase classname="LlamaIndexValidator validate should accept all valid response_mode values" name="LlamaIndexValidator validate should accept all valid response_mode values" time="0">
    </testcase>
    <testcase classname="LlamaIndexValidator validate should reject invalid response_mode" name="LlamaIndexValidator validate should reject invalid response_mode" time="0">
    </testcase>
    <testcase classname="LlamaIndexValidator validate should warn if index_config is missing" name="LlamaIndexValidator validate should warn if index_config is missing" time="0">
    </testcase>
    <testcase classname="LlamaIndexValidator validate should warn if similarity_top_k is missing for query_engine" name="LlamaIndexValidator validate should warn if similarity_top_k is missing for query_engine" time="0">
    </testcase>
    <testcase classname="LlamaIndexValidator validate should not warn about similarity_top_k for non-query_engine types" name="LlamaIndexValidator validate should not warn about similarity_top_k for non-query_engine types" time="0">
    </testcase>
    <testcase classname="LlamaIndexValidator validate should handle multiple validation errors" name="LlamaIndexValidator validate should handle multiple validation errors" time="0">
    </testcase>
    <testcase classname="LlamaIndexValidator validate should validate index_config with both chunk_size and chunk_overlap" name="LlamaIndexValidator validate should validate index_config with both chunk_size and chunk_overlap" time="0">
    </testcase>
    <testcase classname="LlamaIndexValidator validate should validate index_config with additional properties" name="LlamaIndexValidator validate should validate index_config with additional properties" time="0">
    </testcase>
  </testsuite>
  <testsuite name="Cursor + agents.md Integration" errors="0" failures="0" skipped="0" timestamp="2026-01-13T02:20:31" time="0.332" tests="6">
    <testcase classname="Cursor + agents.md Integration should generate AGENTS.md with Cursor integration enabled" name="Cursor + agents.md Integration should generate AGENTS.md with Cursor integration enabled" time="0.048">
    </testcase>
    <testcase classname="Cursor + agents.md Integration should reference AGENTS.md in Cursor workspace config" name="Cursor + agents.md Integration should reference AGENTS.md in Cursor workspace config" time="0.034">
    </testcase>
    <testcase classname="Cursor + agents.md Integration should parse AGENTS.md and populate Cursor context files" name="Cursor + agents.md Integration should parse AGENTS.md and populate Cursor context files" time="0.055">
    </testcase>
    <testcase classname="Cursor + agents.md Integration should generate Cursor-compatible content when cursor_integration is true" name="Cursor + agents.md Integration should generate Cursor-compatible content when cursor_integration is true" time="0.012">
    </testcase>
    <testcase classname="Cursor + agents.md Integration should support both agents.md and Cursor extensions together" name="Cursor + agents.md Integration should support both agents.md and Cursor extensions together" time="0.038">
    </testcase>
    <testcase classname="Cursor + agents.md Integration should validate AGENTS.md is included in Cursor context" name="Cursor + agents.md Integration should validate AGENTS.md is included in Cursor context" time="0.01">
    </testcase>
  </testsuite>
  <testsuite name="GitHubSyncService" errors="0" failures="0" skipped="0" timestamp="2026-01-13T02:20:31" time="0.298" tests="2">
    <testcase classname="GitHubSyncService should validate config with Zod" name="GitHubSyncService should validate config with Zod" time="0.001">
    </testcase>
    <testcase classname="GitHubSyncService should reject invalid config" name="GitHubSyncService should reject invalid config" time="0.011">
    </testcase>
  </testsuite>
  <testsuite name="CrewAIValidator" errors="0" failures="0" skipped="0" timestamp="2026-01-13T02:20:31" time="0.086" tests="8">
    <testcase classname="CrewAIValidator should validate valid CrewAI extension" name="CrewAIValidator should validate valid CrewAI extension" time="0.001">
    </testcase>
    <testcase classname="CrewAIValidator should reject missing role" name="CrewAIValidator should reject missing role" time="0">
    </testcase>
    <testcase classname="CrewAIValidator should reject missing goal" name="CrewAIValidator should reject missing goal" time="0">
    </testcase>
    <testcase classname="CrewAIValidator should validate all agent types" name="CrewAIValidator should validate all agent types" time="0">
    </testcase>
    <testcase classname="CrewAIValidator should reject invalid agent_type" name="CrewAIValidator should reject invalid agent_type" time="0">
    </testcase>
    <testcase classname="CrewAIValidator should validate max_iterations" name="CrewAIValidator should validate max_iterations" time="0.001">
    </testcase>
    <testcase classname="CrewAIValidator should reject invalid max_iterations" name="CrewAIValidator should reject invalid max_iterations" time="0">
    </testcase>
    <testcase classname="CrewAIValidator should return warnings for missing backstory" name="CrewAIValidator should return warnings for missing backstory" time="0">
    </testcase>
  </testsuite>
  <testsuite name="OpenAIValidator" errors="0" failures="0" skipped="0" timestamp="2026-01-13T02:20:31" time="0.235" tests="6">
    <testcase classname="OpenAIValidator should validate valid OpenAI extension" name="OpenAIValidator should validate valid OpenAI extension" time="0.001">
    </testcase>
    <testcase classname="OpenAIValidator should reject invalid model" name="OpenAIValidator should reject invalid model" time="0">
    </testcase>
    <testcase classname="OpenAIValidator should validate all valid models" name="OpenAIValidator should validate all valid models" time="0.001">
    </testcase>
    <testcase classname="OpenAIValidator should reject invalid guardrails values" name="OpenAIValidator should reject invalid guardrails values" time="0">
    </testcase>
    <testcase classname="OpenAIValidator should validate memory configuration" name="OpenAIValidator should validate memory configuration" time="0">
    </testcase>
    <testcase classname="OpenAIValidator should reject invalid memory type" name="OpenAIValidator should reject invalid memory type" time="0.001">
    </testcase>
  </testsuite>
  <testsuite name="LangGraphValidator" errors="0" failures="0" skipped="0" timestamp="2026-01-13T02:20:31" time="0.252" tests="29">
    <testcase classname="LangGraphValidator validate should return valid for manifest without langgraph extension" name="LangGraphValidator validate should return valid for manifest without langgraph extension" time="0">
    </testcase>
    <testcase classname="LangGraphValidator validate should return valid for disabled langgraph extension" name="LangGraphValidator validate should return valid for disabled langgraph extension" time="0">
    </testcase>
    <testcase classname="LangGraphValidator validate should validate valid langgraph extension with full config" name="LangGraphValidator validate should validate valid langgraph extension with full config" time="0.001">
    </testcase>
    <testcase classname="LangGraphValidator validate should validate graph_config is an object" name="LangGraphValidator validate should validate graph_config is an object" time="0">
    </testcase>
    <testcase classname="LangGraphValidator validate should validate nodes is an array" name="LangGraphValidator validate should validate nodes is an array" time="0">
    </testcase>
    <testcase classname="LangGraphValidator validate should accept valid nodes array" name="LangGraphValidator validate should accept valid nodes array" time="0">
    </testcase>
    <testcase classname="LangGraphValidator validate should accept empty nodes array" name="LangGraphValidator validate should accept empty nodes array" time="0">
    </testcase>
    <testcase classname="LangGraphValidator validate should validate edges is an array" name="LangGraphValidator validate should validate edges is an array" time="0">
    </testcase>
    <testcase classname="LangGraphValidator validate should accept valid edges array" name="LangGraphValidator validate should accept valid edges array" time="0">
    </testcase>
    <testcase classname="LangGraphValidator validate should accept empty edges array" name="LangGraphValidator validate should accept empty edges array" time="0">
    </testcase>
    <testcase classname="LangGraphValidator validate should validate checkpoint_config is an object" name="LangGraphValidator validate should validate checkpoint_config is an object" time="0">
    </testcase>
    <testcase classname="LangGraphValidator validate should accept valid checkpoint_config" name="LangGraphValidator validate should accept valid checkpoint_config" time="0">
    </testcase>
    <testcase classname="LangGraphValidator validate should validate max_iterations is at least 1" name="LangGraphValidator validate should validate max_iterations is at least 1" time="0.001">
    </testcase>
    <testcase classname="LangGraphValidator validate should validate max_iterations is a number" name="LangGraphValidator validate should validate max_iterations is a number" time="0">
    </testcase>
    <testcase classname="LangGraphValidator validate should accept valid max_iterations" name="LangGraphValidator validate should accept valid max_iterations" time="0">
    </testcase>
    <testcase classname="LangGraphValidator validate should validate interrupt_before is an array" name="LangGraphValidator validate should validate interrupt_before is an array" time="0">
    </testcase>
    <testcase classname="LangGraphValidator validate should accept valid interrupt_before array" name="LangGraphValidator validate should accept valid interrupt_before array" time="0">
    </testcase>
    <testcase classname="LangGraphValidator validate should accept empty interrupt_before array" name="LangGraphValidator validate should accept empty interrupt_before array" time="0">
    </testcase>
    <testcase classname="LangGraphValidator validate should validate interrupt_after is an array" name="LangGraphValidator validate should validate interrupt_after is an array" time="0.001">
    </testcase>
    <testcase classname="LangGraphValidator validate should accept valid interrupt_after array" name="LangGraphValidator validate should accept valid interrupt_after array" time="0">
    </testcase>
    <testcase classname="LangGraphValidator validate should accept empty interrupt_after array" name="LangGraphValidator validate should accept empty interrupt_after array" time="0">
    </testcase>
    <testcase classname="LangGraphValidator validate should warn if graph_config is missing" name="LangGraphValidator validate should warn if graph_config is missing" time="0">
    </testcase>
    <testcase classname="LangGraphValidator validate should warn if checkpoint_config is missing" name="LangGraphValidator validate should warn if checkpoint_config is missing" time="0">
    </testcase>
    <testcase classname="LangGraphValidator validate should not warn when both graph_config and checkpoint_config are provided" name="LangGraphValidator validate should not warn when both graph_config and checkpoint_config are provided" time="0">
    </testcase>
    <testcase classname="LangGraphValidator validate should handle multiple validation errors" name="LangGraphValidator validate should handle multiple validation errors" time="0">
    </testcase>
    <testcase classname="LangGraphValidator validate should validate graph_config with nodes and edges together" name="LangGraphValidator validate should validate graph_config with nodes and edges together" time="0">
    </testcase>
    <testcase classname="LangGraphValidator validate should validate graph_config with additional properties" name="LangGraphValidator validate should validate graph_config with additional properties" time="0">
    </testcase>
    <testcase classname="LangGraphValidator validate should validate checkpoint_config with additional properties" name="LangGraphValidator validate should validate checkpoint_config with additional properties" time="0">
    </testcase>
    <testcase classname="LangGraphValidator validate should validate all interrupt options together" name="LangGraphValidator validate should validate all interrupt options together" time="0">
    </testcase>
  </testsuite>
  <testsuite name="ossa validate" errors="0" failures="0" skipped="0" timestamp="2026-01-13T02:20:31" time="0.076" tests="3">
    <testcase classname="ossa validate should validate OSSA manifest structure" name="ossa validate should validate OSSA manifest structure" time="0.001">
    </testcase>
    <testcase classname="ossa validate should reject invalid apiVersion" name="ossa validate should reject invalid apiVersion" time="0">
    </testcase>
    <testcase classname="ossa validate should reject missing required fields" name="ossa validate should reject missing required fields" time="0.003">
    </testcase>
  </testsuite>
  <testsuite name="AgentsMdExtension Schema" errors="0" failures="0" skipped="0" timestamp="2026-01-13T02:20:31" time="0.066" tests="11">
    <testcase classname="AgentsMdExtension Schema should accept valid agents_md extension" name="AgentsMdExtension Schema should accept valid agents_md extension" time="0">
    </testcase>
    <testcase classname="AgentsMdExtension Schema should accept full agents_md configuration" name="AgentsMdExtension Schema should accept full agents_md configuration" time="0.001">
    </testcase>
    <testcase classname="AgentsMdExtension Schema should support section source mappings" name="AgentsMdExtension Schema should support section source mappings" time="0">
    </testcase>
    <testcase classname="AgentsMdExtension Schema should support custom output paths" name="AgentsMdExtension Schema should support custom output paths" time="0">
    </testcase>
    <testcase classname="AgentsMdExtension Schema should support nested files for monorepos" name="AgentsMdExtension Schema should support nested files for monorepos" time="0">
    </testcase>
    <testcase classname="AgentsMdExtension Schema should support Cursor integration flag" name="AgentsMdExtension Schema should support Cursor integration flag" time="0">
    </testcase>
    <testcase classname="AgentsMdSection Schema should accept all section properties" name="AgentsMdSection Schema should accept all section properties" time="0">
    </testcase>
    <testcase classname="AgentsMdSection Schema should allow section with only custom content" name="AgentsMdSection Schema should allow section with only custom content" time="0.001">
    </testcase>
    <testcase classname="AgentsMdSection Schema should allow section with only source mapping" name="AgentsMdSection Schema should allow section with only source mapping" time="0">
    </testcase>
    <testcase classname="Bidirectional Mapping should define OSSA to agents.md mappings" name="Bidirectional Mapping should define OSSA to agents.md mappings" time="0">
    </testcase>
    <testcase classname="Bidirectional Mapping should support agents.md to OSSA parsing" name="Bidirectional Mapping should support agents.md to OSSA parsing" time="0">
    </testcase>
  </testsuite>
  <testsuite name="AgentsMdService" errors="0" failures="0" skipped="0" timestamp="2026-01-13T02:20:31" time="0.204" tests="16">
    <testcase classname="AgentsMdService generateAgentsMd should generate AGENTS.md from manifest with all sections" name="AgentsMdService generateAgentsMd should generate AGENTS.md from manifest with all sections" time="0.002">
    </testcase>
    <testcase classname="AgentsMdService generateAgentsMd should generate with custom sections" name="AgentsMdService generateAgentsMd should generate with custom sections" time="0">
    </testcase>
    <testcase classname="AgentsMdService generateAgentsMd should skip disabled sections" name="AgentsMdService generateAgentsMd should skip disabled sections" time="0.001">
    </testcase>
    <testcase classname="AgentsMdService generateAgentsMd should throw error if extension not enabled" name="AgentsMdService generateAgentsMd should throw error if extension not enabled" time="0.026">
    </testcase>
    <testcase classname="AgentsMdService generateAgentsMd should generate without comments when disabled" name="AgentsMdService generateAgentsMd should generate without comments when disabled" time="0">
    </testcase>
    <testcase classname="AgentsMdService generateAgentsMd should format PR title with template variables" name="AgentsMdService generateAgentsMd should format PR title with template variables" time="0">
    </testcase>
    <testcase classname="AgentsMdService writeAgentsMd should write AGENTS.md to default path" name="AgentsMdService writeAgentsMd should write AGENTS.md to default path" time="0.001">
    </testcase>
    <testcase classname="AgentsMdService writeAgentsMd should write to custom output path" name="AgentsMdService writeAgentsMd should write to custom output path" time="0">
    </testcase>
    <testcase classname="AgentsMdService validateAgentsMd should validate existing AGENTS.md" name="AgentsMdService validateAgentsMd should validate existing AGENTS.md" time="0">
    </testcase>
    <testcase classname="AgentsMdService validateAgentsMd should return warnings for missing sections" name="AgentsMdService validateAgentsMd should return warnings for missing sections" time="0">
    </testcase>
    <testcase classname="AgentsMdService validateAgentsMd should return error if file not found" name="AgentsMdService validateAgentsMd should return error if file not found" time="0">
    </testcase>
    <testcase classname="AgentsMdService parseAgentsMd should extract role hints from content" name="AgentsMdService parseAgentsMd should extract role hints from content" time="0.001">
    </testcase>
    <testcase classname="AgentsMdService parseAgentsMd should extract tool hints from commands" name="AgentsMdService parseAgentsMd should extract tool hints from commands" time="0">
    </testcase>
    <testcase classname="AgentsMdService parseAgentsMd should populate cursor context files" name="AgentsMdService parseAgentsMd should populate cursor context files" time="0">
    </testcase>
    <testcase classname="AgentsMdService syncAgentsMd should sync AGENTS.md from manifest" name="AgentsMdService syncAgentsMd should sync AGENTS.md from manifest" time="0">
    </testcase>
    <testcase classname="AgentsMdService syncAgentsMd should throw error if sync not enabled" name="AgentsMdService syncAgentsMd should throw error if sync not enabled" time="0">
    </testcase>
  </testsuite>
  <testsuite name="createDeploymentDriver" errors="0" failures="0" skipped="0" timestamp="2026-01-13T02:20:31" time="0.077" tests="4">
    <testcase classname="createDeploymentDriver should create local driver" name="createDeploymentDriver should create local driver" time="0.001">
    </testcase>
    <testcase classname="createDeploymentDriver should create docker driver" name="createDeploymentDriver should create docker driver" time="0">
    </testcase>
    <testcase classname="createDeploymentDriver should create kubernetes driver" name="createDeploymentDriver should create kubernetes driver" time="0">
    </testcase>
    <testcase classname="createDeploymentDriver should throw error for unknown target" name="createDeploymentDriver should throw error for unknown target" time="0.001">
    </testcase>
  </testsuite>
  <testsuite name="MigrationService" errors="0" failures="0" skipped="0" timestamp="2026-01-13T02:20:31" time="0.382" tests="9">
    <testcase classname="MigrationService migrate should handle k8s-style format" name="MigrationService migrate should handle k8s-style format" time="0.001">
    </testcase>
    <testcase classname="MigrationService migrate should migrate legacy v1.0 to k8s-style with full metadata" name="MigrationService migrate should migrate legacy v1.0 to k8s-style with full metadata" time="0.003">
    </testcase>
    <testcase classname="MigrationService migrate should handle v1.0 with auto provider" name="MigrationService migrate should handle v1.0 with auto provider" time="0">
    </testcase>
    <testcase classname="MigrationService migrate should handle v1.0 with monitoring instead of observability" name="MigrationService migrate should handle v1.0 with monitoring instead of observability" time="0">
    </testcase>
    <testcase classname="MigrationService migrate should handle v1.0 with deployment config" name="MigrationService migrate should handle v1.0 with deployment config" time="0">
    </testcase>
    <testcase classname="MigrationService migrate should handle v1.0 with runtime config" name="MigrationService migrate should handle v1.0 with runtime config" time="0">
    </testcase>
    <testcase classname="MigrationService migrate should handle v1.0 without version" name="MigrationService migrate should handle v1.0 without version" time="0">
    </testcase>
    <testcase classname="MigrationService migrate should handle existing v0.2.2 format with all fields" name="MigrationService migrate should handle existing v0.2.2 format with all fields" time="0">
    </testcase>
    <testcase classname="MigrationService migrate should throw for unsupported format" name="MigrationService migrate should throw for unsupported format" time="0.223">
    </testcase>
  </testsuite>
  <testsuite name="Run Command" errors="0" failures="0" skipped="0" timestamp="2026-01-13T02:20:31" time="0.167" tests="15">
    <testcase classname="Run Command Validation should validate manifest by default" name="Run Command Validation should validate manifest by default" time="0.002">
    </testcase>
    <testcase classname="Run Command Validation should exit with error code 1 when validation fails" name="Run Command Validation should exit with error code 1 when validation fails" time="0">
    </testcase>
    <testcase classname="Run Command Validation should skip validation when --no-validate is used" name="Run Command Validation should skip validation when --no-validate is used" time="0">
    </testcase>
    <testcase classname="Run Command Runtime Selection should use openai runtime by default" name="Run Command Runtime Selection should use openai runtime by default" time="0">
    </testcase>
    <testcase classname="Run Command Runtime Selection should exit with error for unsupported runtime" name="Run Command Runtime Selection should exit with error for unsupported runtime" time="0">
    </testcase>
    <testcase classname="Run Command API Key Validation should exit with error when OPENAI_API_KEY is not set" name="Run Command API Key Validation should exit with error when OPENAI_API_KEY is not set" time="0">
    </testcase>
    <testcase classname="Run Command API Key Validation should proceed when OPENAI_API_KEY is set" name="Run Command API Key Validation should proceed when OPENAI_API_KEY is set" time="0">
    </testcase>
    <testcase classname="Run Command Single Message Mode should execute single message and exit" name="Run Command Single Message Mode should execute single message and exit" time="0.001">
    </testcase>
    <testcase classname="Run Command Single Message Mode should pass verbose option to chat" name="Run Command Single Message Mode should pass verbose option to chat" time="0">
    </testcase>
    <testcase classname="Run Command Single Message Mode should pass maxTurns option to chat" name="Run Command Single Message Mode should pass maxTurns option to chat" time="0">
    </testcase>
    <testcase classname="Run Command Error Handling should handle manifest loading errors" name="Run Command Error Handling should handle manifest loading errors" time="0">
    </testcase>
    <testcase classname="Run Command Error Handling should handle chat errors gracefully" name="Run Command Error Handling should handle chat errors gracefully" time="0">
    </testcase>
    <testcase classname="Run Command Error Handling should show stack trace in verbose mode" name="Run Command Error Handling should show stack trace in verbose mode" time="0">
    </testcase>
    <testcase classname="Run Command Agent Info Display should display agent name and model" name="Run Command Agent Info Display should display agent name and model" time="0">
    </testcase>
    <testcase classname="Run Command Agent Info Display should display available tools" name="Run Command Agent Info Display should display available tools" time="0">
    </testcase>
  </testsuite>
  <testsuite name="ossa generate command" errors="0" failures="0" skipped="0" timestamp="2026-01-13T02:20:27" time="4.813" tests="6">
    <testcase classname="ossa generate command should generate a chat agent" name="ossa generate command should generate a chat agent" time="0.897">
    </testcase>
    <testcase classname="ossa generate command should generate workflow agent with correct capabilities" name="ossa generate command should generate workflow agent with correct capabilities" time="0.591">
    </testcase>
    <testcase classname="ossa generate command should generate compliance agent with low temperature" name="ossa generate command should generate compliance agent with low temperature" time="0.621">
    </testcase>
    <testcase classname="ossa generate command should use custom runtime type" name="ossa generate command should use custom runtime type" time="0.681">
    </testcase>
    <testcase classname="ossa generate command should normalize agent ID" name="ossa generate command should normalize agent ID" time="0.561">
    </testcase>
    <testcase classname="ossa generate command should create output directory if it does not exist" name="ossa generate command should create output directory if it does not exist" time="0.403">
    </testcase>
  </testsuite>
  <testsuite name="ValidationService" errors="0" failures="0" skipped="0" timestamp="2026-01-13T02:20:27" time="4.73" tests="8">
    <testcase classname="ValidationService validate should validate valid manifest" name="ValidationService validate should validate valid manifest" time="0.86">
    </testcase>
    <testcase classname="ValidationService validate should reject invalid manifest" name="ValidationService validate should reject invalid manifest" time="0.538">
    </testcase>
    <testcase classname="ValidationService validate should validate with specific version" name="ValidationService validate should validate with specific version" time="0.606">
    </testcase>
    <testcase classname="ValidationService validate should use current version when not specified" name="ValidationService validate should use current version when not specified" time="0.462">
    </testcase>
    <testcase classname="ValidationService validateMany should validate multiple manifests" name="ValidationService validateMany should validate multiple manifests" time="0.271">
    </testcase>
    <testcase classname="ValidationService validateMany should handle mixed valid and invalid manifests" name="ValidationService validateMany should handle mixed valid and invalid manifests" time="0.312">
    </testcase>
    <testcase classname="ValidationService validateMany should handle empty array" name="ValidationService validateMany should handle empty array" time="0">
    </testcase>
    <testcase classname="ValidationService validateMany should use specified version" name="ValidationService validateMany should use specified version" time="0.181">
    </testcase>
  </testsuite>
  <testsuite name="ossa agents-md command" errors="0" failures="0" skipped="0" timestamp="2026-01-13T02:20:27" time="6.076" tests="8">
    <testcase classname="ossa agents-md command generate subcommand should generate AGENTS.md from manifest" name="ossa agents-md command generate subcommand should generate AGENTS.md from manifest" time="0.735">
    </testcase>
    <testcase classname="ossa agents-md command generate subcommand should fail if extension not enabled" name="ossa agents-md command generate subcommand should fail if extension not enabled" time="0.693">
    </testcase>
    <testcase classname="ossa agents-md command generate subcommand should generate with verbose output" name="ossa agents-md command generate subcommand should generate with verbose output" time="0.648">
    </testcase>
    <testcase classname="ossa agents-md command validate subcommand should validate valid AGENTS.md" name="ossa agents-md command validate subcommand should validate valid AGENTS.md" time="0.626">
    </testcase>
    <testcase classname="ossa agents-md command validate subcommand should show warnings for missing sections" name="ossa agents-md command validate subcommand should show warnings for missing sections" time="0.556">
    </testcase>
    <testcase classname="ossa agents-md command sync subcommand should sync AGENTS.md from manifest" name="ossa agents-md command sync subcommand should sync AGENTS.md from manifest" time="0.409">
    </testcase>
    <testcase classname="ossa agents-md command sync subcommand should fail if sync not enabled" name="ossa agents-md command sync subcommand should fail if sync not enabled" time="0.294">
    </testcase>
    <testcase classname="ossa agents-md command end-to-end workflow should generate, validate, and sync AGENTS.md" name="ossa agents-md command end-to-end workflow should generate, validate, and sync AGENTS.md" time="1.118">
    </testcase>
  </testsuite>
  <testsuite name="WebSocketTransport" errors="0" failures="0" skipped="0" timestamp="2026-01-13T02:20:27" time="7.657" tests="16">
    <testcase classname="WebSocketTransport Connection Management should connect to WebSocket server" name="WebSocketTransport Connection Management should connect to WebSocket server" time="0.082">
    </testcase>
    <testcase classname="WebSocketTransport Connection Management should send registration on connect" name="WebSocketTransport Connection Management should send registration on connect" time="0.083">
    </testcase>
    <testcase classname="WebSocketTransport Connection Management should disconnect cleanly" name="WebSocketTransport Connection Management should disconnect cleanly" time="0.102">
    </testcase>
    <testcase classname="WebSocketTransport Connection Management should emit disconnected event on close" name="WebSocketTransport Connection Management should emit disconnected event on close" time="0.083">
    </testcase>
    <testcase classname="WebSocketTransport Message Sending should send message event" name="WebSocketTransport Message Sending should send message event" time="0.098">
    </testcase>
    <testcase classname="WebSocketTransport Message Sending should send message with metadata" name="WebSocketTransport Message Sending should send message with metadata" time="0.111">
    </testcase>
    <testcase classname="WebSocketTransport Message Sending should queue messages when disconnected" name="WebSocketTransport Message Sending should queue messages when disconnected" time="0.096">
    </testcase>
    <testcase classname="WebSocketTransport Message Receiving should receive and emit message events" name="WebSocketTransport Message Receiving should receive and emit message events" time="0.112">
    </testcase>
    <testcase classname="WebSocketTransport Message Receiving should handle ping/pong" name="WebSocketTransport Message Receiving should handle ping/pong" time="0.116">
    </testcase>
    <testcase classname="WebSocketTransport Capability Invocation should invoke capability and receive response" name="WebSocketTransport Capability Invocation should invoke capability and receive response" time="0.086">
    </testcase>
    <testcase classname="WebSocketTransport Capability Invocation should timeout on capability call" name="WebSocketTransport Capability Invocation should timeout on capability call" time="0.197">
    </testcase>
    <testcase classname="WebSocketTransport Status Updates should send status update" name="WebSocketTransport Status Updates should send status update" time="0.075">
    </testcase>
    <testcase classname="WebSocketTransport Acknowledgments should wait for acknowledgment when requested" name="WebSocketTransport Acknowledgments should wait for acknowledgment when requested" time="0.12">
    </testcase>
    <testcase classname="WebSocketTransport Acknowledgments should timeout waiting for acknowledgment" name="WebSocketTransport Acknowledgments should timeout waiting for acknowledgment" time="5.092">
    </testcase>
    <testcase classname="WebSocketTransport Error Handling should handle connection errors" name="WebSocketTransport Error Handling should handle connection errors" time="0.072">
    </testcase>
    <testcase classname="WebSocketTransport Error Handling should emit error events" name="WebSocketTransport Error Handling should emit error events" time="0.078">
    </testcase>
  </testsuite>
  <testsuite name="ossa run command" errors="0" failures="0" skipped="0" timestamp="2026-01-13T02:20:27" time="11.485" tests="15">
    <testcase classname="ossa run command Validation should validate manifest before running" name="ossa run command Validation should validate manifest before running" time="1.486">
    </testcase>
    <testcase classname="ossa run command Validation should skip validation with --no-validate flag" name="ossa run command Validation should skip validation with --no-validate flag" time="1.202">
    </testcase>
    <testcase classname="ossa run command API Key Validation should exit with error when OPENAI_API_KEY is not set" name="ossa run command API Key Validation should exit with error when OPENAI_API_KEY is not set" time="0.669">
    </testcase>
    <testcase classname="ossa run command Runtime Selection should use openai runtime by default" name="ossa run command Runtime Selection should use openai runtime by default" time="0.855">
    </testcase>
    <testcase classname="ossa run command Runtime Selection should reject unsupported runtime" name="ossa run command Runtime Selection should reject unsupported runtime" time="0.862">
    </testcase>
    <testcase classname="ossa run command Single Message Mode should accept -m flag for single message" name="ossa run command Single Message Mode should accept -m flag for single message" time="0.727">
    </testcase>
    <testcase classname="ossa run command Single Message Mode should accept --message flag for single message" name="ossa run command Single Message Mode should accept --message flag for single message" time="0.737">
    </testcase>
    <testcase classname="ossa run command Verbose Mode should accept -v flag for verbose output" name="ossa run command Verbose Mode should accept -v flag for verbose output" time="0.665">
    </testcase>
    <testcase classname="ossa run command Verbose Mode should accept --verbose flag" name="ossa run command Verbose Mode should accept --verbose flag" time="0.683">
    </testcase>
    <testcase classname="ossa run command Max Turns Option should accept --max-turns flag" name="ossa run command Max Turns Option should accept --max-turns flag" time="0.659">
    </testcase>
    <testcase classname="ossa run command Error Handling should handle missing manifest file" name="ossa run command Error Handling should handle missing manifest file" time="0.302">
    </testcase>
    <testcase classname="ossa run command Error Handling should handle invalid YAML" name="ossa run command Error Handling should handle invalid YAML" time="0.283">
    </testcase>
    <testcase classname="ossa run command Error Handling should handle invalid JSON" name="ossa run command Error Handling should handle invalid JSON" time="0.279">
    </testcase>
    <testcase classname="ossa run command Agent Info Display should display agent name when loading" name="ossa run command Agent Info Display should display agent name when loading" time="0.622">
    </testcase>
    <testcase classname="ossa run command Example Manifests should run with example OpenAI agent" name="ossa run command Example Manifests should run with example OpenAI agent" time="0.693">
    </testcase>
  </testsuite>
</testsuites>